******************************************************************************
                  MSP430 Linker PC v18.1.4                     
******************************************************************************
>> Linked Fri Nov 30 11:47:06 2018

OUTPUT FILE NAME:   <boxingfashengqi.out>
ENTRY POINT SYMBOL: "_c_int00_noargs"  address: 00009c8e


MEMORY CONFIGURATION

         name            origin    length      used     unused   attr    fill
----------------------  --------  ---------  --------  --------  ----  --------
  SFR                   00000000   00000010  00000000  00000010  RWIX
  PERIPHERALS_8BIT      00000010   000000f0  00000000  000000f0  RWIX
  PERIPHERALS_16BIT     00000100   00000100  00000000  00000100  RWIX
  RAM                   00000200   00000800  0000006c  00000794  RWIX
  INFOB                 00001000   00000080  00000000  00000080  RWIX
  INFOA                 00001080   00000080  00000000  00000080  RWIX
  FLASH                 00001100   0000eee0  00008cdc  00006204  RWIX
  INT00                 0000ffe0   00000002  00000002  00000000  RWIX
  INT01                 0000ffe2   00000002  00000002  00000000  RWIX
  INT02                 0000ffe4   00000002  00000002  00000000  RWIX
  INT03                 0000ffe6   00000002  00000002  00000000  RWIX
  INT04                 0000ffe8   00000002  00000002  00000000  RWIX
  INT05                 0000ffea   00000002  00000002  00000000  RWIX
  INT06                 0000ffec   00000002  00000002  00000000  RWIX
  INT07                 0000ffee   00000002  00000002  00000000  RWIX
  INT08                 0000fff0   00000002  00000002  00000000  RWIX
  INT09                 0000fff2   00000002  00000002  00000000  RWIX
  INT10                 0000fff4   00000002  00000002  00000000  RWIX
  INT11                 0000fff6   00000002  00000002  00000000  RWIX
  INT12                 0000fff8   00000002  00000002  00000000  RWIX
  INT13                 0000fffa   00000002  00000002  00000000  RWIX
  INT14                 0000fffc   00000002  00000002  00000000  RWIX
  RESET                 0000fffe   00000002  00000002  00000000  RWIX


SECTION ALLOCATION MAP

 output                                  attributes/
section   page    origin      length       input sections
--------  ----  ----------  ----------   ----------------
.bss       0    00000200    0000000f     UNINITIALIZED
                  00000200    00000004     (.common:coordinate)
                  00000204    00000002     (.common:Device_code)
                  00000206    00000002     (.common:LCD_X)
                  00000208    00000002     (.common:LCD_Y)
                  0000020a    00000002     (.common:lx)
                  0000020c    00000002     (.common:ly)
                  0000020e    00000001     (.common:button)

.data      0    00000210    0000000d     UNINITIALIZED
                  00000210    0000000a     Touch_operation.obj (.data:table)
                  0000021a    00000002     rts430_eabi.lib : errno.c.obj (.data)
                  0000021c    00000001     main.obj (.data)

.stack     0    000009b0    00000050     UNINITIALIZED
                  000009b0    00000002     rts430_eabi.lib : boot.c.obj (.stack)
                  000009b2    0000004e     --HOLE--

.const     0    00001100    000049b2     
                  00001100    00003200     GUI.obj (.const:.string:gImage_xiaohui)
                  00004300    00000e2a     TFT2.8.obj (.const:codeGB_24)
                  0000512a    00000600     TFT2.8.obj (.const:.string:Font8x16)
                  0000572a    000002ec     TFT2.8.obj (.const:ch16)
                  00005a16    00000056     GUI.obj (.const:.string)
                  00005a6c    00000010     Touch_operation.obj (.const:.string)
                  00005a7c    00000010     rts430_eabi.lib : e_pow.c.obj (.const:bp)
                  00005a8c    00000010                     : e_pow.c.obj (.const:dp_h)
                  00005a9c    00000010                     : e_pow.c.obj (.const:dp_l)
                  00005aac    00000006     main.obj (.const:.string)

.text      0    00005ab2    00004306     
                  00005ab2    00001162     rts430_eabi.lib : e_pow.c.obj (.text:pow)
                  00006c14    000006c0     TFT2.8.obj (.text:TFT_Initial)
                  000072d4    00000478     rts430_eabi.lib : frcdivd.c.obj (.text:__TI_frcdivd)
                  0000774c    000002fa                     : addd.c.obj (.text:__mspabi_addd)
                  00007a46    000002f8                     : e_sqrt.c.obj (.text:sqrt)
                  00007d3e    00000286                     : frcmpyd.c.obj (.text:__TI_frcmpyd)
                  00007fc4    0000026e                     : mpyd.c.obj (.text:__mspabi_mpyd)
                  00008232    00000260                     : frcaddd.c.obj (.text:__TI_frcaddd)
                  00008492    00000238                     : divd.c.obj (.text:__mspabi_divd)
                  000086ca    000001b2     Touch_operation.obj (.text:num_char)
                  0000887c    0000016e     Touch_operation.obj (.text:touch_screen)
                  000089ea    0000016a     rts430_eabi.lib : s_scalbn.c.obj (.text:scalbn)
                  00008b54    000000f0     Touch.obj (.text:Getpix)
                  00008c44    000000de     Touch_operation.obj (.text:func_choose)
                  00008d22    000000dc     rts430_eabi.lib : cmpd.c.obj (.text:__mspabi_cmpd)
                  00008dfe    000000be     GUI.obj (.text:GUIline)
                  00008ebc    000000be     rts430_eabi.lib : renormd.c.obj (.text:__TI_renormd)
                  00008f7a    000000ac                     : fltlid.c.obj (.text:__mspabi_fltlid)
                  00009026    0000009c     TFT2.8.obj (.text:Put16x16)
                  000090c2    0000009c     TFT2.8.obj (.text:PutGB2424)
                  0000915e    0000008a     rts430_eabi.lib : fltuld.c.obj (.text:__mspabi_fltuld)
                  000091e8    00000082     main.obj (.text:main)
                  0000926a    0000007c     GUI.obj (.text:GUIsquare2pix)
                  000092e6    0000007c     rts430_eabi.lib : copy_decompress_lzss.c.obj (.text:decompress:lzss:__TI_decompress_lzss)
                  00009362    0000007c     GUI.obj (.text:start_show)
                  000093de    00000076     TFT2.8.obj (.text:Show_Image)
                  00009454    00000074     rts430_eabi.lib : fixdul.c.obj (.text:__mspabi_fixdul)
                  000094c8    00000072     TFT2.8.obj (.text:LCD_PutString24)
                  0000953a    00000072     rts430_eabi.lib : fixdli.c.obj (.text:__mspabi_fixdli)
                  000095ac    0000006c     TFT2.8.obj (.text:LCD_PutChar)
                  00009618    0000006c     TFT2.8.obj (.text:LCD_PutString)
                  00009684    00000066     GUI.obj (.text:main_menu)
                  000096ea    0000005c     rts430_eabi.lib : lsr32.asm.obj (.text:l_lsr_const)
                  00009746    00000058     TFT2.8.obj (.text:LCD_SetPos)
                  0000979e    00000054     Touch.obj (.text:pix_filter)
                  000097f2    0000004e     Touch.obj (.text:AD7843)
                  00009840    0000004c     rts430_eabi.lib : lsr16.asm.obj (.text)
                  0000988c    00000048     GUI.obj (.text:key_show)
                  000098d4    00000042     rts430_eabi.lib : autoinit.c.obj (.text:__TI_auto_init_nobinit_nopinit:__TI_auto_init_nobinit_nopinit)
                  00009916    0000003e     TFT2.8.obj (.text:CLR_Screen)
                  00009954    0000003e     rts430_eabi.lib : asr32.asm.obj (.text:l_asr_const)
                  00009992    0000003e                     : lsl32.asm.obj (.text:l_lsl_const)
                  000099d0    0000003c     GUI.obj (.text:GUIfull)
                  00009a0c    00000032     TFT2.8.obj (.text:Write_Cmd)
                  00009a3e    00000030     Touch.obj (.text:Write_7843)
                  00009a6e    0000002e     main.obj (.text:Clock_Init)
                  00009a9c    0000002e     rts430_eabi.lib : subd.c.obj (.text:__mspabi_subd)
                  00009aca    0000002e                     : s_copysign.c.obj (.text:copysign)
                  00009af8    0000002e                     : mult32_hw.asm.obj (.text)
                  00009b26    0000002c     TFT2.8.obj (.text:Write_Data)
                  00009b52    0000002c     rts430_eabi.lib : asr16.asm.obj (.text)
                  00009b7e    0000002c                     : lsl16.asm.obj (.text)
                  00009baa    0000002a     main.obj (.text:Port_Init)
                  00009bd4    0000002a     Touch.obj (.text:Read_7843)
                  00009bfe    0000002a     rts430_eabi.lib : negd.c.obj (.text:__mspabi_negd)
                  00009c28    00000028                     : fixdi.c.obj (.text:__mspabi_fixdi)
                  00009c50    00000020     Touch.obj (.text:start_7843)
                  00009c70    0000001e     TFT2.8.obj (.text:Write_Cmd_Data)
                  00009c8e    0000001c     rts430_eabi.lib : boot.c.obj (.text:_c_int00_noargs)
                  00009caa    00000018     GUI.obj (.text:GUIpoint)
                  00009cc2    00000016     rts430_eabi.lib : div16u.asm.obj (.text)
                  00009cd8    00000014                     : copy_zero_init.c.obj (.text:decompress:ZI:__TI_zero_init_nomemset:__TI_zero_init_nomemset)
                  00009cec    00000014                     : mult16_hw.asm.obj (.text)
                  00009d00    00000012                     : fixdu.c.obj (.text:__mspabi_fixdu)
                  00009d12    00000012                     : copy_decompress_none.c.obj (.text:decompress:none:__TI_decompress_none)
                  00009d24    00000012                     : lsr32.asm.obj (.text:l_lsr)
                  00009d36    00000012                     : memcpy.c.obj (.text:memcpy)
                  00009d48    00000010     TFT2.8.obj (.text:Write_Data_U16)
                  00009d58    00000010     rts430_eabi.lib : asr32.asm.obj (.text:l_asr)
                  00009d68    00000010                     : lsl32.asm.obj (.text:l_lsl)
                  00009d78    00000010                     : epilog.asm.obj (.text)
                  00009d88    0000000c                     : fltid.c.obj (.text:__mspabi_fltid)
                  00009d94    0000000a                     : abs.c.obj (.text:abs)
                  00009d9e    00000008                     : isr_trap.asm.obj (.text:_isr:__TI_ISR_TRAP)
                  00009da6    00000006                     : fltud.c.obj (.text:__mspabi_fltud)
                  00009dac    00000006                     : exit.c.obj (.text:abort)
                  00009db2    00000004                     : pre_init.c.obj (.text:_system_pre_init)
                  00009db6    00000002                     : startup.c.obj (.text:_system_post_cinit)

.cinit     0    00009db8    00000024     
                  00009db8    00000011     (.cinit..data.load) [load image]
                  00009dc9    00000001     --HOLE-- [fill = 0]
                  00009dca    00000006     (__TI_handler_table)
                  00009dd0    00000004     (.cinit..bss.load) [load image, compression = zero_init]
                  00009dd4    00000008     (__TI_cinit_table)

.binit     0    00001100    00000000     

.init_array 
*          0    00001100    00000000     UNINITIALIZED

DACDMA     0    0000ffe0    00000002     
                  0000ffe0    00000002     rts430_eabi.lib : int00.asm.obj (.int00)

PORT2      0    0000ffe2    00000002     
                  0000ffe2    00000002     rts430_eabi.lib : int01.asm.obj (.int01)

USART1TX   0    0000ffe4    00000002     
                  0000ffe4    00000002     rts430_eabi.lib : int02.asm.obj (.int02)

USART1RX   0    0000ffe6    00000002     
                  0000ffe6    00000002     rts430_eabi.lib : int03.asm.obj (.int03)

PORT1      0    0000ffe8    00000002     
                  0000ffe8    00000002     rts430_eabi.lib : int04.asm.obj (.int04)

TIMERA1    0    0000ffea    00000002     
                  0000ffea    00000002     rts430_eabi.lib : int05.asm.obj (.int05)

TIMERA0    0    0000ffec    00000002     
                  0000ffec    00000002     rts430_eabi.lib : int06.asm.obj (.int06)

ADC12      0    0000ffee    00000002     
                  0000ffee    00000002     rts430_eabi.lib : int07.asm.obj (.int07)

USART0TX   0    0000fff0    00000002     
                  0000fff0    00000002     rts430_eabi.lib : int08.asm.obj (.int08)

USART0RX   0    0000fff2    00000002     
                  0000fff2    00000002     rts430_eabi.lib : int09.asm.obj (.int09)

WDT        0    0000fff4    00000002     
                  0000fff4    00000002     rts430_eabi.lib : int10.asm.obj (.int10)

COMPARATORA 
*          0    0000fff6    00000002     
                  0000fff6    00000002     rts430_eabi.lib : int11.asm.obj (.int11)

TIMERB1    0    0000fff8    00000002     
                  0000fff8    00000002     rts430_eabi.lib : int12.asm.obj (.int12)

TIMERB0    0    0000fffa    00000002     
                  0000fffa    00000002     rts430_eabi.lib : int13.asm.obj (.int13)

NMI        0    0000fffc    00000002     
                  0000fffc    00000002     rts430_eabi.lib : int14.asm.obj (.int14)

.reset     0    0000fffe    00000002     
                  0000fffe    00000002     rts430_eabi.lib : boot.c.obj (.reset)

MODULE SUMMARY

       Module                       code    ro data   rw data
       ------                       ----    -------   -------
    .\
       GUI.obj                      696     12886     2      
       TFT2.8.obj                   2778    5910      0      
       Touch_operation.obj          1022    16        10     
       Touch.obj                    524     0         8      
       main.obj                     218     6         6      
    +--+----------------------------+-------+---------+---------+
       Total:                       5238    18818     26     
                                                             
    C:\ti\ccsv8\tools\compiler\ti-cgt-msp430_18.1.4.LTS\lib\rts430_eabi.lib
       e_pow.c.obj                  4450    48        0      
       frcdivd.c.obj                1144    0         0      
       addd.c.obj                   762     0         0      
       e_sqrt.c.obj                 760     0         0      
       frcmpyd.c.obj                646     0         0      
       mpyd.c.obj                   622     0         0      
       frcaddd.c.obj                608     0         0      
       divd.c.obj                   568     0         0      
       s_scalbn.c.obj               362     0         0      
       cmpd.c.obj                   220     0         0      
       renormd.c.obj                190     0         0      
       fltlid.c.obj                 172     0         0      
       fltuld.c.obj                 138     0         0      
       copy_decompress_lzss.c.obj   124     0         0      
       fixdul.c.obj                 116     0         0      
       fixdli.c.obj                 114     0         0      
       lsr32.asm.obj                110     0         0      
       asr32.asm.obj                78      0         0      
       lsl32.asm.obj                78      0         0      
       lsr16.asm.obj                76      0         0      
       autoinit.c.obj               66      0         0      
       mult32_hw.asm.obj            46      0         0      
       s_copysign.c.obj             46      0         0      
       subd.c.obj                   46      0         0      
       asr16.asm.obj                44      0         0      
       lsl16.asm.obj                44      0         0      
       negd.c.obj                   42      0         0      
       fixdi.c.obj                  40      0         0      
       boot.c.obj                   28      2         0      
       div16u.asm.obj               22      0         0      
       copy_zero_init.c.obj         20      0         0      
       mult16_hw.asm.obj            20      0         0      
       copy_decompress_none.c.obj   18      0         0      
       fixdu.c.obj                  18      0         0      
       memcpy.c.obj                 18      0         0      
       epilog.asm.obj               16      0         0      
       fltid.c.obj                  12      0         0      
       abs.c.obj                    10      0         0      
       isr_trap.asm.obj             8       0         0      
       exit.c.obj                   6       0         0      
       fltud.c.obj                  6       0         0      
       pre_init.c.obj               4       0         0      
       errno.c.obj                  0       0         2      
       int00.asm.obj                0       2         0      
       int01.asm.obj                0       2         0      
       int02.asm.obj                0       2         0      
       int03.asm.obj                0       2         0      
       int04.asm.obj                0       2         0      
       int05.asm.obj                0       2         0      
       int06.asm.obj                0       2         0      
       int07.asm.obj                0       2         0      
       int08.asm.obj                0       2         0      
       int09.asm.obj                0       2         0      
       int10.asm.obj                0       2         0      
       int11.asm.obj                0       2         0      
       int12.asm.obj                0       2         0      
       int13.asm.obj                0       2         0      
       int14.asm.obj                0       2         0      
       startup.c.obj                2       0         0      
    +--+----------------------------+-------+---------+---------+
       Total:                       11920   80        2      
                                                             
       Stack:                       0       0         80     
       Linker Generated:            0       35        0      
    +--+----------------------------+-------+---------+---------+
       Grand Total:                 17158   18933     108    


LINKER GENERATED COPY TABLES

__TI_cinit_table @ 00009dd4 records: 2, size/record: 4, table size: 8
	.data: load addr=00009db8, load size=00000011 bytes, run addr=00000210, run size=0000000d bytes, compression=copy
	.bss: load addr=00009dd0, load size=00000004 bytes, run addr=00000200, run size=0000000f bytes, compression=zero_init


LINKER GENERATED HANDLER TABLE

__TI_handler_table @ 00009dca records: 3, size/record: 2, table size: 6
	index: 0, handler: __TI_zero_init
	index: 1, handler: __TI_decompress_lzss
	index: 2, handler: __TI_decompress_none


GLOBAL SYMBOLS: SORTED ALPHABETICALLY BY Name 

address   name                          
-------   ----                          
000097f2  AD7843                        
000001a0  ADC12CTL0                     
000001a2  ADC12CTL1                     
000001a6  ADC12IE                       
000001a4  ADC12IFG                      
000001a8  ADC12IV                       
00000080  ADC12MCTL0                    
00000081  ADC12MCTL1                    
0000008a  ADC12MCTL10                   
0000008b  ADC12MCTL11                   
0000008c  ADC12MCTL12                   
0000008d  ADC12MCTL13                   
0000008e  ADC12MCTL14                   
0000008f  ADC12MCTL15                   
00000082  ADC12MCTL2                    
00000083  ADC12MCTL3                    
00000084  ADC12MCTL4                    
00000085  ADC12MCTL5                    
00000086  ADC12MCTL6                    
00000087  ADC12MCTL7                    
00000088  ADC12MCTL8                    
00000089  ADC12MCTL9                    
00000140  ADC12MEM0                     
00000142  ADC12MEM1                     
00000154  ADC12MEM10                    
00000156  ADC12MEM11                    
00000158  ADC12MEM12                    
0000015a  ADC12MEM13                    
0000015c  ADC12MEM14                    
0000015e  ADC12MEM15                    
00000144  ADC12MEM2                     
00000146  ADC12MEM3                     
00000148  ADC12MEM4                     
0000014a  ADC12MEM5                     
0000014c  ADC12MEM6                     
0000014e  ADC12MEM7                     
00000150  ADC12MEM8                     
00000152  ADC12MEM9                     
00000057  BCSCTL1                       
00000058  BCSCTL2                       
00009dac  C$$EXIT                       
00000059  CACTL1                        
0000005a  CACTL2                        
0000005b  CAPD                          
00009916  CLR_Screen                    
00009a6e  Clock_Init                    
000001c0  DAC12_0CTL                    
000001c8  DAC12_0DAT                    
000001c2  DAC12_1CTL                    
000001ca  DAC12_1DAT                    
00000056  DCOCTL                        
000001e0  DMA0CTL                       
000001e4  DMA0DA                        
000001e2  DMA0SA                        
000001e6  DMA0SZ                        
000001e8  DMA1CTL                       
000001ec  DMA1DA                        
000001ea  DMA1SA                        
000001ee  DMA1SZ                        
000001f0  DMA2CTL                       
000001f4  DMA2DA                        
000001f2  DMA2SA                        
000001f6  DMA2SZ                        
00000122  DMACTL0                       
00000124  DMACTL1                       
00000204  Device_code                   
0000021c  Display_flag                  
00000128  FCTL1                         
0000012a  FCTL2                         
0000012c  FCTL3                         
000099d0  GUIfull                       
00008dfe  GUIline                       
00009caa  GUIpoint                      
0000926a  GUIsquare2pix                 
00008b54  Getpix                        
00000072  I2CDCTL                       
00000076  I2CDRB                        
00000076  I2CDRW                        
00000050  I2CIE                         
00000051  I2CIFG                        
0000011c  I2CIV                         
00000052  I2CNDAT                       
00000118  I2COA                         
00000073  I2CPSC                        
0000011a  I2CSA                         
00000074  I2CSCLH                       
00000075  I2CSCLL                       
00000071  I2CTCTL                       
00000000  IE1                           
00000001  IE2                           
00000002  IFG1                          
00000003  IFG2                          
000095ac  LCD_PutChar                   
00009618  LCD_PutString                 
000094c8  LCD_PutString24               
00009746  LCD_SetPos                    
00000206  LCD_X                         
00000208  LCD_Y                         
00000134  MAC                           
00000136  MACS                          
00000004  ME1                           
00000005  ME2                           
00000130  MPY                           
00000132  MPYS                          
00000138  OP2                           
00000022  P1DIR                         
00000025  P1IE                          
00000024  P1IES                         
00000023  P1IFG                         
00000020  P1IN                          
00000021  P1OUT                         
00000026  P1SEL                         
0000002a  P2DIR                         
0000002d  P2IE                          
0000002c  P2IES                         
0000002b  P2IFG                         
00000028  P2IN                          
00000029  P2OUT                         
0000002e  P2SEL                         
0000001a  P3DIR                         
00000018  P3IN                          
00000019  P3OUT                         
0000001b  P3SEL                         
0000001e  P4DIR                         
0000001c  P4IN                          
0000001d  P4OUT                         
0000001f  P4SEL                         
00000032  P5DIR                         
00000030  P5IN                          
00000031  P5OUT                         
00000033  P5SEL                         
00000036  P6DIR                         
00000034  P6IN                          
00000035  P6OUT                         
00000037  P6SEL                         
00009baa  Port_Init                     
00009026  Put16x16                      
000090c2  PutGB2424                     
0000013c  RESHI                         
0000013a  RESLO                         
00009bd4  Read_7843                     
0000013e  SUMEXT                        
00000055  SVSCTL                        
000093de  Show_Image                    
00000172  TACCR0                        
00000174  TACCR1                        
00000176  TACCR2                        
00000162  TACCTL0                       
00000164  TACCTL1                       
00000166  TACCTL2                       
00000160  TACTL                         
0000012e  TAIV                          
00000170  TAR                           
00000192  TBCCR0                        
00000194  TBCCR1                        
00000196  TBCCR2                        
00000198  TBCCR3                        
0000019a  TBCCR4                        
0000019c  TBCCR5                        
0000019e  TBCCR6                        
00000182  TBCCTL0                       
00000184  TBCCTL1                       
00000186  TBCCTL2                       
00000188  TBCCTL3                       
0000018a  TBCCTL4                       
0000018c  TBCCTL5                       
0000018e  TBCCTL6                       
00000180  TBCTL                         
0000011e  TBIV                          
00000190  TBR                           
00006c14  TFT_Initial                   
00000074  U0BR0                         
00000075  U0BR1                         
00000070  U0CTL                         
00000073  U0MCTL                        
00000072  U0RCTL                        
00000076  U0RXBUF                       
00000071  U0TCTL                        
00000077  U0TXBUF                       
0000007c  U1BR0                         
0000007d  U1BR1                         
00000078  U1CTL                         
0000007b  U1MCTL                        
0000007a  U1RCTL                        
0000007e  U1RXBUF                       
00000079  U1TCTL                        
0000007f  U1TXBUF                       
00000120  WDTCTL                        
00009a3e  Write_7843                    
00009a0c  Write_Cmd                     
00009c70  Write_Cmd_Data                
00009b26  Write_Data                    
00009d48  Write_Data_U16                
00000a00  __STACK_END                   
00000050  __STACK_SIZE                  
00009dd4  __TI_CINIT_Base               
00009ddc  __TI_CINIT_Limit              
00009dca  __TI_Handler_Table_Base       
00009dd0  __TI_Handler_Table_Limit      
00009d9e  __TI_ISR_TRAP                 
000098d4  __TI_auto_init_nobinit_nopinit
000092e6  __TI_decompress_lzss          
00009d12  __TI_decompress_none          
00008232  __TI_frcaddd                  
000072d4  __TI_frcdivd                  
00007d3e  __TI_frcmpyd                  
0000ffe0  __TI_int00                    
0000ffe2  __TI_int01                    
0000ffe4  __TI_int02                    
0000ffe6  __TI_int03                    
0000ffe8  __TI_int04                    
0000ffea  __TI_int05                    
0000ffec  __TI_int06                    
0000ffee  __TI_int07                    
0000fff0  __TI_int08                    
0000fff2  __TI_int09                    
0000fff4  __TI_int10                    
0000fff6  __TI_int11                    
0000fff8  __TI_int12                    
0000fffa  __TI_int13                    
0000fffc  __TI_int14                    
ffffffff  __TI_pprof_out_hndl           
ffffffff  __TI_prof_data_size           
ffffffff  __TI_prof_data_start          
00008ebc  __TI_renormd                  
00009cd8  __TI_zero_init_nomemset       
ffffffff  __c_args__                    
0000774c  __mspabi_addd                 
00008d22  __mspabi_cmpd                 
00008492  __mspabi_divd                 
00009cc2  __mspabi_divu                 
00009c28  __mspabi_fixdi                
0000953a  __mspabi_fixdli               
00009d00  __mspabi_fixdu                
00009454  __mspabi_fixdul               
00009d88  __mspabi_fltid                
00008f7a  __mspabi_fltlid               
00009da6  __mspabi_fltud                
0000915e  __mspabi_fltuld               
00009d84  __mspabi_func_epilog_1        
00009d82  __mspabi_func_epilog_2        
00009d80  __mspabi_func_epilog_3        
00009d7e  __mspabi_func_epilog_4        
00009d7c  __mspabi_func_epilog_5        
00009d7a  __mspabi_func_epilog_6        
00009d78  __mspabi_func_epilog_7        
00007fc4  __mspabi_mpyd                 
00009cec  __mspabi_mpyi_hw              
00009af8  __mspabi_mpyl_hw              
00009bfe  __mspabi_negd                 
00009cc2  __mspabi_remu                 
00009b7e  __mspabi_slli                 
00009ba6  __mspabi_slli_1               
00009b94  __mspabi_slli_10              
00009b92  __mspabi_slli_11              
00009b90  __mspabi_slli_12              
00009b8e  __mspabi_slli_13              
00009b8c  __mspabi_slli_14              
00009b8a  __mspabi_slli_15              
00009ba4  __mspabi_slli_2               
00009ba2  __mspabi_slli_3               
00009ba0  __mspabi_slli_4               
00009b9e  __mspabi_slli_5               
00009b9c  __mspabi_slli_6               
00009b9a  __mspabi_slli_7               
00009b98  __mspabi_slli_8               
00009b96  __mspabi_slli_9               
00009d68  __mspabi_slll                 
000099ca  __mspabi_slll_1               
000099a6  __mspabi_slll_10              
000099a2  __mspabi_slll_11              
0000999e  __mspabi_slll_12              
0000999a  __mspabi_slll_13              
00009996  __mspabi_slll_14              
00009992  __mspabi_slll_15              
000099c6  __mspabi_slll_2               
000099c2  __mspabi_slll_3               
000099be  __mspabi_slll_4               
000099ba  __mspabi_slll_5               
000099b6  __mspabi_slll_6               
000099b2  __mspabi_slll_7               
000099ae  __mspabi_slll_8               
000099aa  __mspabi_slll_9               
00009b52  __mspabi_srai                 
00009b7a  __mspabi_srai_1               
00009b68  __mspabi_srai_10              
00009b66  __mspabi_srai_11              
00009b64  __mspabi_srai_12              
00009b62  __mspabi_srai_13              
00009b60  __mspabi_srai_14              
00009b5e  __mspabi_srai_15              
00009b78  __mspabi_srai_2               
00009b76  __mspabi_srai_3               
00009b74  __mspabi_srai_4               
00009b72  __mspabi_srai_5               
00009b70  __mspabi_srai_6               
00009b6e  __mspabi_srai_7               
00009b6c  __mspabi_srai_8               
00009b6a  __mspabi_srai_9               
00009d58  __mspabi_sral                 
0000998c  __mspabi_sral_1               
00009968  __mspabi_sral_10              
00009964  __mspabi_sral_11              
00009960  __mspabi_sral_12              
0000995c  __mspabi_sral_13              
00009958  __mspabi_sral_14              
00009954  __mspabi_sral_15              
00009988  __mspabi_sral_2               
00009984  __mspabi_sral_3               
00009980  __mspabi_sral_4               
0000997c  __mspabi_sral_5               
00009978  __mspabi_sral_6               
00009974  __mspabi_sral_7               
00009970  __mspabi_sral_8               
0000996c  __mspabi_sral_9               
00009840  __mspabi_srli                 
00009886  __mspabi_srli_1               
00009862  __mspabi_srli_10              
0000985e  __mspabi_srli_11              
0000985a  __mspabi_srli_12              
00009856  __mspabi_srli_13              
00009852  __mspabi_srli_14              
0000984e  __mspabi_srli_15              
00009882  __mspabi_srli_2               
0000987e  __mspabi_srli_3               
0000987a  __mspabi_srli_4               
00009876  __mspabi_srli_5               
00009872  __mspabi_srli_6               
0000986e  __mspabi_srli_7               
0000986a  __mspabi_srli_8               
00009866  __mspabi_srli_9               
00009d24  __mspabi_srll                 
0000973e  __mspabi_srll_1               
00009708  __mspabi_srll_10              
00009702  __mspabi_srll_11              
000096fc  __mspabi_srll_12              
000096f6  __mspabi_srll_13              
000096f0  __mspabi_srll_14              
000096ea  __mspabi_srll_15              
00009738  __mspabi_srll_2               
00009732  __mspabi_srll_3               
0000972c  __mspabi_srll_4               
00009726  __mspabi_srll_5               
00009720  __mspabi_srll_6               
0000971a  __mspabi_srll_7               
00009714  __mspabi_srll_8               
0000970e  __mspabi_srll_9               
00009a9c  __mspabi_subd                 
00009c8e  _c_int00_noargs               
0000fffe  _reset_vector                 
000009b0  _stack                        
00009db6  _system_post_cinit            
00009db2  _system_pre_init              
00009dac  abort                         
00009d94  abs                           
0000020e  button                        
00000200  coordinate                    
00009aca  copysign                      
00009aca  copysignl                     
0000021a  errno                         
00008c44  func_choose                   
0000988c  key_show                      
000089ea  ldexp                         
000089ea  ldexpl                        
0000020a  lx                            
0000020c  ly                            
000091e8  main                          
00009684  main_menu                     
00009d36  memcpy                        
000086ca  num_char                      
0000979e  pix_filter                    
00005ab2  pow                           
00005ab2  powl                          
000089ea  scalbn                        
000089ea  scalbnl                       
00007a46  sqrt                          
00007a46  sqrtl                         
00009c50  start_7843                    
00009362  start_show                    
0000887c  touch_screen                  


GLOBAL SYMBOLS: SORTED BY Symbol Address 

address   name                          
-------   ----                          
00000000  IE1                           
00000001  IE2                           
00000002  IFG1                          
00000003  IFG2                          
00000004  ME1                           
00000005  ME2                           
00000018  P3IN                          
00000019  P3OUT                         
0000001a  P3DIR                         
0000001b  P3SEL                         
0000001c  P4IN                          
0000001d  P4OUT                         
0000001e  P4DIR                         
0000001f  P4SEL                         
00000020  P1IN                          
00000021  P1OUT                         
00000022  P1DIR                         
00000023  P1IFG                         
00000024  P1IES                         
00000025  P1IE                          
00000026  P1SEL                         
00000028  P2IN                          
00000029  P2OUT                         
0000002a  P2DIR                         
0000002b  P2IFG                         
0000002c  P2IES                         
0000002d  P2IE                          
0000002e  P2SEL                         
00000030  P5IN                          
00000031  P5OUT                         
00000032  P5DIR                         
00000033  P5SEL                         
00000034  P6IN                          
00000035  P6OUT                         
00000036  P6DIR                         
00000037  P6SEL                         
00000050  I2CIE                         
00000050  __STACK_SIZE                  
00000051  I2CIFG                        
00000052  I2CNDAT                       
00000055  SVSCTL                        
00000056  DCOCTL                        
00000057  BCSCTL1                       
00000058  BCSCTL2                       
00000059  CACTL1                        
0000005a  CACTL2                        
0000005b  CAPD                          
00000070  U0CTL                         
00000071  I2CTCTL                       
00000071  U0TCTL                        
00000072  I2CDCTL                       
00000072  U0RCTL                        
00000073  I2CPSC                        
00000073  U0MCTL                        
00000074  I2CSCLH                       
00000074  U0BR0                         
00000075  I2CSCLL                       
00000075  U0BR1                         
00000076  I2CDRB                        
00000076  I2CDRW                        
00000076  U0RXBUF                       
00000077  U0TXBUF                       
00000078  U1CTL                         
00000079  U1TCTL                        
0000007a  U1RCTL                        
0000007b  U1MCTL                        
0000007c  U1BR0                         
0000007d  U1BR1                         
0000007e  U1RXBUF                       
0000007f  U1TXBUF                       
00000080  ADC12MCTL0                    
00000081  ADC12MCTL1                    
00000082  ADC12MCTL2                    
00000083  ADC12MCTL3                    
00000084  ADC12MCTL4                    
00000085  ADC12MCTL5                    
00000086  ADC12MCTL6                    
00000087  ADC12MCTL7                    
00000088  ADC12MCTL8                    
00000089  ADC12MCTL9                    
0000008a  ADC12MCTL10                   
0000008b  ADC12MCTL11                   
0000008c  ADC12MCTL12                   
0000008d  ADC12MCTL13                   
0000008e  ADC12MCTL14                   
0000008f  ADC12MCTL15                   
00000118  I2COA                         
0000011a  I2CSA                         
0000011c  I2CIV                         
0000011e  TBIV                          
00000120  WDTCTL                        
00000122  DMACTL0                       
00000124  DMACTL1                       
00000128  FCTL1                         
0000012a  FCTL2                         
0000012c  FCTL3                         
0000012e  TAIV                          
00000130  MPY                           
00000132  MPYS                          
00000134  MAC                           
00000136  MACS                          
00000138  OP2                           
0000013a  RESLO                         
0000013c  RESHI                         
0000013e  SUMEXT                        
00000140  ADC12MEM0                     
00000142  ADC12MEM1                     
00000144  ADC12MEM2                     
00000146  ADC12MEM3                     
00000148  ADC12MEM4                     
0000014a  ADC12MEM5                     
0000014c  ADC12MEM6                     
0000014e  ADC12MEM7                     
00000150  ADC12MEM8                     
00000152  ADC12MEM9                     
00000154  ADC12MEM10                    
00000156  ADC12MEM11                    
00000158  ADC12MEM12                    
0000015a  ADC12MEM13                    
0000015c  ADC12MEM14                    
0000015e  ADC12MEM15                    
00000160  TACTL                         
00000162  TACCTL0                       
00000164  TACCTL1                       
00000166  TACCTL2                       
00000170  TAR                           
00000172  TACCR0                        
00000174  TACCR1                        
00000176  TACCR2                        
00000180  TBCTL                         
00000182  TBCCTL0                       
00000184  TBCCTL1                       
00000186  TBCCTL2                       
00000188  TBCCTL3                       
0000018a  TBCCTL4                       
0000018c  TBCCTL5                       
0000018e  TBCCTL6                       
00000190  TBR                           
00000192  TBCCR0                        
00000194  TBCCR1                        
00000196  TBCCR2                        
00000198  TBCCR3                        
0000019a  TBCCR4                        
0000019c  TBCCR5                        
0000019e  TBCCR6                        
000001a0  ADC12CTL0                     
000001a2  ADC12CTL1                     
000001a4  ADC12IFG                      
000001a6  ADC12IE                       
000001a8  ADC12IV                       
000001c0  DAC12_0CTL                    
000001c2  DAC12_1CTL                    
000001c8  DAC12_0DAT                    
000001ca  DAC12_1DAT                    
000001e0  DMA0CTL                       
000001e2  DMA0SA                        
000001e4  DMA0DA                        
000001e6  DMA0SZ                        
000001e8  DMA1CTL                       
000001ea  DMA1SA                        
000001ec  DMA1DA                        
000001ee  DMA1SZ                        
000001f0  DMA2CTL                       
000001f2  DMA2SA                        
000001f4  DMA2DA                        
000001f6  DMA2SZ                        
00000200  coordinate                    
00000204  Device_code                   
00000206  LCD_X                         
00000208  LCD_Y                         
0000020a  lx                            
0000020c  ly                            
0000020e  button                        
0000021a  errno                         
0000021c  Display_flag                  
000009b0  _stack                        
00000a00  __STACK_END                   
00005ab2  pow                           
00005ab2  powl                          
00006c14  TFT_Initial                   
000072d4  __TI_frcdivd                  
0000774c  __mspabi_addd                 
00007a46  sqrt                          
00007a46  sqrtl                         
00007d3e  __TI_frcmpyd                  
00007fc4  __mspabi_mpyd                 
00008232  __TI_frcaddd                  
00008492  __mspabi_divd                 
000086ca  num_char                      
0000887c  touch_screen                  
000089ea  ldexp                         
000089ea  ldexpl                        
000089ea  scalbn                        
000089ea  scalbnl                       
00008b54  Getpix                        
00008c44  func_choose                   
00008d22  __mspabi_cmpd                 
00008dfe  GUIline                       
00008ebc  __TI_renormd                  
00008f7a  __mspabi_fltlid               
00009026  Put16x16                      
000090c2  PutGB2424                     
0000915e  __mspabi_fltuld               
000091e8  main                          
0000926a  GUIsquare2pix                 
000092e6  __TI_decompress_lzss          
00009362  start_show                    
000093de  Show_Image                    
00009454  __mspabi_fixdul               
000094c8  LCD_PutString24               
0000953a  __mspabi_fixdli               
000095ac  LCD_PutChar                   
00009618  LCD_PutString                 
00009684  main_menu                     
000096ea  __mspabi_srll_15              
000096f0  __mspabi_srll_14              
000096f6  __mspabi_srll_13              
000096fc  __mspabi_srll_12              
00009702  __mspabi_srll_11              
00009708  __mspabi_srll_10              
0000970e  __mspabi_srll_9               
00009714  __mspabi_srll_8               
0000971a  __mspabi_srll_7               
00009720  __mspabi_srll_6               
00009726  __mspabi_srll_5               
0000972c  __mspabi_srll_4               
00009732  __mspabi_srll_3               
00009738  __mspabi_srll_2               
0000973e  __mspabi_srll_1               
00009746  LCD_SetPos                    
0000979e  pix_filter                    
000097f2  AD7843                        
00009840  __mspabi_srli                 
0000984e  __mspabi_srli_15              
00009852  __mspabi_srli_14              
00009856  __mspabi_srli_13              
0000985a  __mspabi_srli_12              
0000985e  __mspabi_srli_11              
00009862  __mspabi_srli_10              
00009866  __mspabi_srli_9               
0000986a  __mspabi_srli_8               
0000986e  __mspabi_srli_7               
00009872  __mspabi_srli_6               
00009876  __mspabi_srli_5               
0000987a  __mspabi_srli_4               
0000987e  __mspabi_srli_3               
00009882  __mspabi_srli_2               
00009886  __mspabi_srli_1               
0000988c  key_show                      
000098d4  __TI_auto_init_nobinit_nopinit
00009916  CLR_Screen                    
00009954  __mspabi_sral_15              
00009958  __mspabi_sral_14              
0000995c  __mspabi_sral_13              
00009960  __mspabi_sral_12              
00009964  __mspabi_sral_11              
00009968  __mspabi_sral_10              
0000996c  __mspabi_sral_9               
00009970  __mspabi_sral_8               
00009974  __mspabi_sral_7               
00009978  __mspabi_sral_6               
0000997c  __mspabi_sral_5               
00009980  __mspabi_sral_4               
00009984  __mspabi_sral_3               
00009988  __mspabi_sral_2               
0000998c  __mspabi_sral_1               
00009992  __mspabi_slll_15              
00009996  __mspabi_slll_14              
0000999a  __mspabi_slll_13              
0000999e  __mspabi_slll_12              
000099a2  __mspabi_slll_11              
000099a6  __mspabi_slll_10              
000099aa  __mspabi_slll_9               
000099ae  __mspabi_slll_8               
000099b2  __mspabi_slll_7               
000099b6  __mspabi_slll_6               
000099ba  __mspabi_slll_5               
000099be  __mspabi_slll_4               
000099c2  __mspabi_slll_3               
000099c6  __mspabi_slll_2               
000099ca  __mspabi_slll_1               
000099d0  GUIfull                       
00009a0c  Write_Cmd                     
00009a3e  Write_7843                    
00009a6e  Clock_Init                    
00009a9c  __mspabi_subd                 
00009aca  copysign                      
00009aca  copysignl                     
00009af8  __mspabi_mpyl_hw              
00009b26  Write_Data                    
00009b52  __mspabi_srai                 
00009b5e  __mspabi_srai_15              
00009b60  __mspabi_srai_14              
00009b62  __mspabi_srai_13              
00009b64  __mspabi_srai_12              
00009b66  __mspabi_srai_11              
00009b68  __mspabi_srai_10              
00009b6a  __mspabi_srai_9               
00009b6c  __mspabi_srai_8               
00009b6e  __mspabi_srai_7               
00009b70  __mspabi_srai_6               
00009b72  __mspabi_srai_5               
00009b74  __mspabi_srai_4               
00009b76  __mspabi_srai_3               
00009b78  __mspabi_srai_2               
00009b7a  __mspabi_srai_1               
00009b7e  __mspabi_slli                 
00009b8a  __mspabi_slli_15              
00009b8c  __mspabi_slli_14              
00009b8e  __mspabi_slli_13              
00009b90  __mspabi_slli_12              
00009b92  __mspabi_slli_11              
00009b94  __mspabi_slli_10              
00009b96  __mspabi_slli_9               
00009b98  __mspabi_slli_8               
00009b9a  __mspabi_slli_7               
00009b9c  __mspabi_slli_6               
00009b9e  __mspabi_slli_5               
00009ba0  __mspabi_slli_4               
00009ba2  __mspabi_slli_3               
00009ba4  __mspabi_slli_2               
00009ba6  __mspabi_slli_1               
00009baa  Port_Init                     
00009bd4  Read_7843                     
00009bfe  __mspabi_negd                 
00009c28  __mspabi_fixdi                
00009c50  start_7843                    
00009c70  Write_Cmd_Data                
00009c8e  _c_int00_noargs               
00009caa  GUIpoint                      
00009cc2  __mspabi_divu                 
00009cc2  __mspabi_remu                 
00009cd8  __TI_zero_init_nomemset       
00009cec  __mspabi_mpyi_hw              
00009d00  __mspabi_fixdu                
00009d12  __TI_decompress_none          
00009d24  __mspabi_srll                 
00009d36  memcpy                        
00009d48  Write_Data_U16                
00009d58  __mspabi_sral                 
00009d68  __mspabi_slll                 
00009d78  __mspabi_func_epilog_7        
00009d7a  __mspabi_func_epilog_6        
00009d7c  __mspabi_func_epilog_5        
00009d7e  __mspabi_func_epilog_4        
00009d80  __mspabi_func_epilog_3        
00009d82  __mspabi_func_epilog_2        
00009d84  __mspabi_func_epilog_1        
00009d88  __mspabi_fltid                
00009d94  abs                           
00009d9e  __TI_ISR_TRAP                 
00009da6  __mspabi_fltud                
00009dac  C$$EXIT                       
00009dac  abort                         
00009db2  _system_pre_init              
00009db6  _system_post_cinit            
00009dca  __TI_Handler_Table_Base       
00009dd0  __TI_Handler_Table_Limit      
00009dd4  __TI_CINIT_Base               
00009ddc  __TI_CINIT_Limit              
0000ffe0  __TI_int00                    
0000ffe2  __TI_int01                    
0000ffe4  __TI_int02                    
0000ffe6  __TI_int03                    
0000ffe8  __TI_int04                    
0000ffea  __TI_int05                    
0000ffec  __TI_int06                    
0000ffee  __TI_int07                    
0000fff0  __TI_int08                    
0000fff2  __TI_int09                    
0000fff4  __TI_int10                    
0000fff6  __TI_int11                    
0000fff8  __TI_int12                    
0000fffa  __TI_int13                    
0000fffc  __TI_int14                    
0000fffe  _reset_vector                 
ffffffff  __TI_pprof_out_hndl           
ffffffff  __TI_prof_data_size           
ffffffff  __TI_prof_data_start          
ffffffff  __c_args__                    

[380 symbols]
