******************************************************************************
                  MSP430 Linker PC v18.1.4                     
******************************************************************************
>> Linked Wed Nov 28 15:29:15 2018

OUTPUT FILE NAME:   <boxingfashengqi.out>
ENTRY POINT SYMBOL: "_c_int00_noargs"  address: 00007776


MEMORY CONFIGURATION

         name            origin    length      used     unused   attr    fill
----------------------  --------  ---------  --------  --------  ----  --------
  SFR                   00000000   00000010  00000000  00000010  RWIX
  PERIPHERALS_8BIT      00000010   000000f0  00000000  000000f0  RWIX
  PERIPHERALS_16BIT     00000100   00000100  00000000  00000100  RWIX
  RAM                   00000200   00000800  0000005e  000007a2  RWIX
  INFOB                 00001000   00000080  00000000  00000080  RWIX
  INFOA                 00001080   00000080  00000000  00000080  RWIX
  FLASH                 00001100   0000eee0  0000673a  000087a6  RWIX
  INT00                 0000ffe0   00000002  00000002  00000000  RWIX
  INT01                 0000ffe2   00000002  00000002  00000000  RWIX
  INT02                 0000ffe4   00000002  00000002  00000000  RWIX
  INT03                 0000ffe6   00000002  00000002  00000000  RWIX
  INT04                 0000ffe8   00000002  00000002  00000000  RWIX
  INT05                 0000ffea   00000002  00000002  00000000  RWIX
  INT06                 0000ffec   00000002  00000002  00000000  RWIX
  INT07                 0000ffee   00000002  00000002  00000000  RWIX
  INT08                 0000fff0   00000002  00000002  00000000  RWIX
  INT09                 0000fff2   00000002  00000002  00000000  RWIX
  INT10                 0000fff4   00000002  00000002  00000000  RWIX
  INT11                 0000fff6   00000002  00000002  00000000  RWIX
  INT12                 0000fff8   00000002  00000002  00000000  RWIX
  INT13                 0000fffa   00000002  00000002  00000000  RWIX
  INT14                 0000fffc   00000002  00000002  00000000  RWIX
  RESET                 0000fffe   00000002  00000002  00000000  RWIX


SECTION ALLOCATION MAP

 output                                  attributes/
section   page    origin      length       input sections
--------  ----  ----------  ----------   ----------------
.bss       0    00000200    0000000e     UNINITIALIZED
                  00000200    00000004     (.common:coordinate)
                  00000204    00000002     (.common:Device_code)
                  00000206    00000002     (.common:LCD_X)
                  00000208    00000002     (.common:LCD_Y)
                  0000020a    00000002     (.common:lx)
                  0000020c    00000002     (.common:ly)

.stack     0    000009b0    00000050     UNINITIALIZED
                  000009b0    00000002     rts430_eabi.lib : boot.c.obj (.stack)
                  000009b2    0000004e     --HOLE--

.const     0    00001100    0000484a     
                  00001100    00003200     GUI.obj (.const:.string:gImage_xiaohui)
                  00004300    00000d02     TFT2.8.obj (.const:codeGB_24)
                  00005002    00000600     TFT2.8.obj (.const:.string:Font8x16)
                  00005602    000002ec     TFT2.8.obj (.const:ch16)
                  000058ee    00000056     GUI.obj (.const:.string)
                  00005944    00000006     main.obj (.const:.string)

.text      0    0000594a    00001ee6     
                  0000594a    000006c0     TFT2.8.obj (.text:TFT_Initial)
                  0000600a    00000478     rts430_eabi.lib : frcdivd.c.obj (.text:__TI_frcdivd)
                  00006482    00000286                     : frcmpyd.c.obj (.text:__TI_frcmpyd)
                  00006708    0000026e                     : mpyd.c.obj (.text:__mspabi_mpyd)
                  00006976    00000238                     : divd.c.obj (.text:__mspabi_divd)
                  00006bae    000000f0     Touch.obj (.text:Getpix)
                  00006c9e    0000009c     TFT2.8.obj (.text:Put16x16)
                  00006d3a    0000009c     TFT2.8.obj (.text:PutGB2424)
                  00006dd6    0000008c     main.obj (.text:touch_screen)
                  00006e62    0000008a     rts430_eabi.lib : fltuld.c.obj (.text:__mspabi_fltuld)
                  00006eec    00000082     main.obj (.text:main)
                  00006f6e    0000007c     GUI.obj (.text:start_show)
                  00006fea    00000076     TFT2.8.obj (.text:Show_Image)
                  00007060    00000074     rts430_eabi.lib : fixdul.c.obj (.text:__mspabi_fixdul)
                  000070d4    0000006e     TFT2.8.obj (.text:LCD_PutString24)
                  00007142    0000006c     TFT2.8.obj (.text:LCD_PutChar)
                  000071ae    0000006c     TFT2.8.obj (.text:LCD_PutString)
                  0000721a    00000066     GUI.obj (.text:main_menu)
                  00007280    0000005c     rts430_eabi.lib : lsr32.asm.obj (.text:l_lsr_const)
                  000072dc    00000058     TFT2.8.obj (.text:LCD_SetPos)
                  00007334    00000054     Touch.obj (.text:pix_filter)
                  00007388    0000004e     Touch.obj (.text:AD7843)
                  000073d6    0000004c     rts430_eabi.lib : lsr16.asm.obj (.text)
                  00007422    00000048     main.obj (.text:key_show)
                  0000746a    00000042     rts430_eabi.lib : autoinit.c.obj (.text:__TI_auto_init_nobinit_nopinit:__TI_auto_init_nobinit_nopinit)
                  000074ac    0000003e     TFT2.8.obj (.text:CLR_Screen)
                  000074ea    0000003e     rts430_eabi.lib : asr32.asm.obj (.text:l_asr_const)
                  00007528    0000003e                     : lsl32.asm.obj (.text:l_lsl_const)
                  00007566    0000003c     GUI.obj (.text:GUIfull)
                  000075a2    00000032     TFT2.8.obj (.text:Write_Cmd)
                  000075d4    00000030     Touch.obj (.text:Write_7843)
                  00007604    0000002e     main.obj (.text:Clock_Init)
                  00007632    0000002e     rts430_eabi.lib : mult32_hw.asm.obj (.text)
                  00007660    0000002c     TFT2.8.obj (.text:Write_Data)
                  0000768c    0000002c     rts430_eabi.lib : asr16.asm.obj (.text)
                  000076b8    0000002c                     : lsl16.asm.obj (.text)
                  000076e4    0000002a     main.obj (.text:Port_Init)
                  0000770e    0000002a     Touch.obj (.text:Read_7843)
                  00007738    00000020     Touch.obj (.text:start_7843)
                  00007758    0000001e     TFT2.8.obj (.text:Write_Cmd_Data)
                  00007776    0000001c     rts430_eabi.lib : boot.c.obj (.text:_c_int00_noargs)
                  00007792    00000018     GUI.obj (.text:GUIpoint)
                  000077aa    00000014     rts430_eabi.lib : copy_zero_init.c.obj (.text:decompress:ZI:__TI_zero_init_nomemset:__TI_zero_init_nomemset)
                  000077be    00000014                     : mult16_hw.asm.obj (.text)
                  000077d2    00000012                     : fixdu.c.obj (.text:__mspabi_fixdu)
                  000077e4    00000012                     : lsr32.asm.obj (.text:l_lsr)
                  000077f6    00000010     TFT2.8.obj (.text:Write_Data_U16)
                  00007806    00000010     rts430_eabi.lib : epilog.asm.obj (.text)
                  00007816    00000008                     : isr_trap.asm.obj (.text:_isr:__TI_ISR_TRAP)
                  0000781e    00000006                     : fltud.c.obj (.text:__mspabi_fltud)
                  00007824    00000006                     : exit.c.obj (.text:abort)
                  0000782a    00000004                     : pre_init.c.obj (.text:_system_pre_init)
                  0000782e    00000002                     : startup.c.obj (.text:_system_post_cinit)

.cinit     0    00007830    0000000a     
                  00007830    00000004     (.cinit..bss.load) [load image, compression = zero_init]
                  00007834    00000002     (__TI_handler_table)
                  00007836    00000004     (__TI_cinit_table)

.binit     0    00001100    00000000     

.init_array 
*          0    00001100    00000000     UNINITIALIZED

DACDMA     0    0000ffe0    00000002     
                  0000ffe0    00000002     rts430_eabi.lib : int00.asm.obj (.int00)

PORT2      0    0000ffe2    00000002     
                  0000ffe2    00000002     rts430_eabi.lib : int01.asm.obj (.int01)

USART1TX   0    0000ffe4    00000002     
                  0000ffe4    00000002     rts430_eabi.lib : int02.asm.obj (.int02)

USART1RX   0    0000ffe6    00000002     
                  0000ffe6    00000002     rts430_eabi.lib : int03.asm.obj (.int03)

PORT1      0    0000ffe8    00000002     
                  0000ffe8    00000002     rts430_eabi.lib : int04.asm.obj (.int04)

TIMERA1    0    0000ffea    00000002     
                  0000ffea    00000002     rts430_eabi.lib : int05.asm.obj (.int05)

TIMERA0    0    0000ffec    00000002     
                  0000ffec    00000002     rts430_eabi.lib : int06.asm.obj (.int06)

ADC12      0    0000ffee    00000002     
                  0000ffee    00000002     rts430_eabi.lib : int07.asm.obj (.int07)

USART0TX   0    0000fff0    00000002     
                  0000fff0    00000002     rts430_eabi.lib : int08.asm.obj (.int08)

USART0RX   0    0000fff2    00000002     
                  0000fff2    00000002     rts430_eabi.lib : int09.asm.obj (.int09)

WDT        0    0000fff4    00000002     
                  0000fff4    00000002     rts430_eabi.lib : int10.asm.obj (.int10)

COMPARATORA 
*          0    0000fff6    00000002     
                  0000fff6    00000002     rts430_eabi.lib : int11.asm.obj (.int11)

TIMERB1    0    0000fff8    00000002     
                  0000fff8    00000002     rts430_eabi.lib : int12.asm.obj (.int12)

TIMERB0    0    0000fffa    00000002     
                  0000fffa    00000002     rts430_eabi.lib : int13.asm.obj (.int13)

NMI        0    0000fffc    00000002     
                  0000fffc    00000002     rts430_eabi.lib : int14.asm.obj (.int14)

.reset     0    0000fffe    00000002     
                  0000fffe    00000002     rts430_eabi.lib : boot.c.obj (.reset)

MODULE SUMMARY

       Module                 code   ro data   rw data
       ------                 ----   -------   -------
    .\
       GUI.obj                310    12886     2      
       TFT2.8.obj             2774   5614      0      
       Touch.obj              524    0         8      
       main.obj               430    6         4      
    +--+----------------------+------+---------+---------+
       Total:                 4038   18506     14     
                                                      
    C:\ti\ccsv8\tools\compiler\ti-cgt-msp430_18.1.4.LTS\lib\rts430_eabi.lib
       frcdivd.c.obj          1144   0         0      
       frcmpyd.c.obj          646    0         0      
       mpyd.c.obj             622    0         0      
       divd.c.obj             568    0         0      
       fltuld.c.obj           138    0         0      
       fixdul.c.obj           116    0         0      
       lsr32.asm.obj          110    0         0      
       lsr16.asm.obj          76     0         0      
       autoinit.c.obj         66     0         0      
       asr32.asm.obj          62     0         0      
       lsl32.asm.obj          62     0         0      
       mult32_hw.asm.obj      46     0         0      
       asr16.asm.obj          44     0         0      
       lsl16.asm.obj          44     0         0      
       boot.c.obj             28     2         0      
       copy_zero_init.c.obj   20     0         0      
       mult16_hw.asm.obj      20     0         0      
       fixdu.c.obj            18     0         0      
       epilog.asm.obj         16     0         0      
       isr_trap.asm.obj       8      0         0      
       exit.c.obj             6      0         0      
       fltud.c.obj            6      0         0      
       pre_init.c.obj         4      0         0      
       int00.asm.obj          0      2         0      
       int01.asm.obj          0      2         0      
       int02.asm.obj          0      2         0      
       int03.asm.obj          0      2         0      
       int04.asm.obj          0      2         0      
       int05.asm.obj          0      2         0      
       int06.asm.obj          0      2         0      
       int07.asm.obj          0      2         0      
       int08.asm.obj          0      2         0      
       int09.asm.obj          0      2         0      
       int10.asm.obj          0      2         0      
       int11.asm.obj          0      2         0      
       int12.asm.obj          0      2         0      
       int13.asm.obj          0      2         0      
       int14.asm.obj          0      2         0      
       startup.c.obj          2      0         0      
    +--+----------------------+------+---------+---------+
       Total:                 3872   32        0      
                                                      
       Stack:                 0      0         80     
       Linker Generated:      0      10        0      
    +--+----------------------+------+---------+---------+
       Grand Total:           7910   18548     94     


LINKER GENERATED COPY TABLES

__TI_cinit_table @ 00007836 records: 1, size/record: 4, table size: 4
	.bss: load addr=00007830, load size=00000004 bytes, run addr=00000200, run size=0000000e bytes, compression=zero_init


LINKER GENERATED HANDLER TABLE

__TI_handler_table @ 00007834 records: 1, size/record: 2, table size: 2
	index: 0, handler: __TI_zero_init


GLOBAL SYMBOLS: SORTED ALPHABETICALLY BY Name 

address   name                          
-------   ----                          
00007388  AD7843                        
000001a0  ADC12CTL0                     
000001a2  ADC12CTL1                     
000001a6  ADC12IE                       
000001a4  ADC12IFG                      
000001a8  ADC12IV                       
00000080  ADC12MCTL0                    
00000081  ADC12MCTL1                    
0000008a  ADC12MCTL10                   
0000008b  ADC12MCTL11                   
0000008c  ADC12MCTL12                   
0000008d  ADC12MCTL13                   
0000008e  ADC12MCTL14                   
0000008f  ADC12MCTL15                   
00000082  ADC12MCTL2                    
00000083  ADC12MCTL3                    
00000084  ADC12MCTL4                    
00000085  ADC12MCTL5                    
00000086  ADC12MCTL6                    
00000087  ADC12MCTL7                    
00000088  ADC12MCTL8                    
00000089  ADC12MCTL9                    
00000140  ADC12MEM0                     
00000142  ADC12MEM1                     
00000154  ADC12MEM10                    
00000156  ADC12MEM11                    
00000158  ADC12MEM12                    
0000015a  ADC12MEM13                    
0000015c  ADC12MEM14                    
0000015e  ADC12MEM15                    
00000144  ADC12MEM2                     
00000146  ADC12MEM3                     
00000148  ADC12MEM4                     
0000014a  ADC12MEM5                     
0000014c  ADC12MEM6                     
0000014e  ADC12MEM7                     
00000150  ADC12MEM8                     
00000152  ADC12MEM9                     
00000057  BCSCTL1                       
00000058  BCSCTL2                       
00007824  C$$EXIT                       
00000059  CACTL1                        
0000005a  CACTL2                        
0000005b  CAPD                          
000074ac  CLR_Screen                    
00007604  Clock_Init                    
000001c0  DAC12_0CTL                    
000001c8  DAC12_0DAT                    
000001c2  DAC12_1CTL                    
000001ca  DAC12_1DAT                    
00000056  DCOCTL                        
000001e0  DMA0CTL                       
000001e4  DMA0DA                        
000001e2  DMA0SA                        
000001e6  DMA0SZ                        
000001e8  DMA1CTL                       
000001ec  DMA1DA                        
000001ea  DMA1SA                        
000001ee  DMA1SZ                        
000001f0  DMA2CTL                       
000001f4  DMA2DA                        
000001f2  DMA2SA                        
000001f6  DMA2SZ                        
00000122  DMACTL0                       
00000124  DMACTL1                       
00000204  Device_code                   
00000128  FCTL1                         
0000012a  FCTL2                         
0000012c  FCTL3                         
00007566  GUIfull                       
00007792  GUIpoint                      
00006bae  Getpix                        
00000072  I2CDCTL                       
00000076  I2CDRB                        
00000076  I2CDRW                        
00000050  I2CIE                         
00000051  I2CIFG                        
0000011c  I2CIV                         
00000052  I2CNDAT                       
00000118  I2COA                         
00000073  I2CPSC                        
0000011a  I2CSA                         
00000074  I2CSCLH                       
00000075  I2CSCLL                       
00000071  I2CTCTL                       
00000000  IE1                           
00000001  IE2                           
00000002  IFG1                          
00000003  IFG2                          
00007142  LCD_PutChar                   
000071ae  LCD_PutString                 
000070d4  LCD_PutString24               
000072dc  LCD_SetPos                    
00000206  LCD_X                         
00000208  LCD_Y                         
00000134  MAC                           
00000136  MACS                          
00000004  ME1                           
00000005  ME2                           
00000130  MPY                           
00000132  MPYS                          
00000138  OP2                           
00000022  P1DIR                         
00000025  P1IE                          
00000024  P1IES                         
00000023  P1IFG                         
00000020  P1IN                          
00000021  P1OUT                         
00000026  P1SEL                         
0000002a  P2DIR                         
0000002d  P2IE                          
0000002c  P2IES                         
0000002b  P2IFG                         
00000028  P2IN                          
00000029  P2OUT                         
0000002e  P2SEL                         
0000001a  P3DIR                         
00000018  P3IN                          
00000019  P3OUT                         
0000001b  P3SEL                         
0000001e  P4DIR                         
0000001c  P4IN                          
0000001d  P4OUT                         
0000001f  P4SEL                         
00000032  P5DIR                         
00000030  P5IN                          
00000031  P5OUT                         
00000033  P5SEL                         
00000036  P6DIR                         
00000034  P6IN                          
00000035  P6OUT                         
00000037  P6SEL                         
000076e4  Port_Init                     
00006c9e  Put16x16                      
00006d3a  PutGB2424                     
0000013c  RESHI                         
0000013a  RESLO                         
0000770e  Read_7843                     
0000013e  SUMEXT                        
00000055  SVSCTL                        
00006fea  Show_Image                    
00000172  TACCR0                        
00000174  TACCR1                        
00000176  TACCR2                        
00000162  TACCTL0                       
00000164  TACCTL1                       
00000166  TACCTL2                       
00000160  TACTL                         
0000012e  TAIV                          
00000170  TAR                           
00000192  TBCCR0                        
00000194  TBCCR1                        
00000196  TBCCR2                        
00000198  TBCCR3                        
0000019a  TBCCR4                        
0000019c  TBCCR5                        
0000019e  TBCCR6                        
00000182  TBCCTL0                       
00000184  TBCCTL1                       
00000186  TBCCTL2                       
00000188  TBCCTL3                       
0000018a  TBCCTL4                       
0000018c  TBCCTL5                       
0000018e  TBCCTL6                       
00000180  TBCTL                         
0000011e  TBIV                          
00000190  TBR                           
0000594a  TFT_Initial                   
00000074  U0BR0                         
00000075  U0BR1                         
00000070  U0CTL                         
00000073  U0MCTL                        
00000072  U0RCTL                        
00000076  U0RXBUF                       
00000071  U0TCTL                        
00000077  U0TXBUF                       
0000007c  U1BR0                         
0000007d  U1BR1                         
00000078  U1CTL                         
0000007b  U1MCTL                        
0000007a  U1RCTL                        
0000007e  U1RXBUF                       
00000079  U1TCTL                        
0000007f  U1TXBUF                       
00000120  WDTCTL                        
000075d4  Write_7843                    
000075a2  Write_Cmd                     
00007758  Write_Cmd_Data                
00007660  Write_Data                    
000077f6  Write_Data_U16                
00000a00  __STACK_END                   
00000050  __STACK_SIZE                  
00007836  __TI_CINIT_Base               
0000783a  __TI_CINIT_Limit              
00007834  __TI_Handler_Table_Base       
00007836  __TI_Handler_Table_Limit      
00007816  __TI_ISR_TRAP                 
0000746a  __TI_auto_init_nobinit_nopinit
0000600a  __TI_frcdivd                  
00006482  __TI_frcmpyd                  
0000ffe0  __TI_int00                    
0000ffe2  __TI_int01                    
0000ffe4  __TI_int02                    
0000ffe6  __TI_int03                    
0000ffe8  __TI_int04                    
0000ffea  __TI_int05                    
0000ffec  __TI_int06                    
0000ffee  __TI_int07                    
0000fff0  __TI_int08                    
0000fff2  __TI_int09                    
0000fff4  __TI_int10                    
0000fff6  __TI_int11                    
0000fff8  __TI_int12                    
0000fffa  __TI_int13                    
0000fffc  __TI_int14                    
ffffffff  __TI_pprof_out_hndl           
ffffffff  __TI_prof_data_size           
ffffffff  __TI_prof_data_start          
000077aa  __TI_zero_init_nomemset       
ffffffff  __c_args__                    
00006976  __mspabi_divd                 
000077d2  __mspabi_fixdu                
00007060  __mspabi_fixdul               
0000781e  __mspabi_fltud                
00006e62  __mspabi_fltuld               
00007812  __mspabi_func_epilog_1        
00007810  __mspabi_func_epilog_2        
0000780e  __mspabi_func_epilog_3        
0000780c  __mspabi_func_epilog_4        
0000780a  __mspabi_func_epilog_5        
00007808  __mspabi_func_epilog_6        
00007806  __mspabi_func_epilog_7        
00006708  __mspabi_mpyd                 
000077be  __mspabi_mpyi_hw              
00007632  __mspabi_mpyl_hw              
000076b8  __mspabi_slli                 
000076e0  __mspabi_slli_1               
000076ce  __mspabi_slli_10              
000076cc  __mspabi_slli_11              
000076ca  __mspabi_slli_12              
000076c8  __mspabi_slli_13              
000076c6  __mspabi_slli_14              
000076c4  __mspabi_slli_15              
000076de  __mspabi_slli_2               
000076dc  __mspabi_slli_3               
000076da  __mspabi_slli_4               
000076d8  __mspabi_slli_5               
000076d6  __mspabi_slli_6               
000076d4  __mspabi_slli_7               
000076d2  __mspabi_slli_8               
000076d0  __mspabi_slli_9               
00007560  __mspabi_slll_1               
0000753c  __mspabi_slll_10              
00007538  __mspabi_slll_11              
00007534  __mspabi_slll_12              
00007530  __mspabi_slll_13              
0000752c  __mspabi_slll_14              
00007528  __mspabi_slll_15              
0000755c  __mspabi_slll_2               
00007558  __mspabi_slll_3               
00007554  __mspabi_slll_4               
00007550  __mspabi_slll_5               
0000754c  __mspabi_slll_6               
00007548  __mspabi_slll_7               
00007544  __mspabi_slll_8               
00007540  __mspabi_slll_9               
0000768c  __mspabi_srai                 
000076b4  __mspabi_srai_1               
000076a2  __mspabi_srai_10              
000076a0  __mspabi_srai_11              
0000769e  __mspabi_srai_12              
0000769c  __mspabi_srai_13              
0000769a  __mspabi_srai_14              
00007698  __mspabi_srai_15              
000076b2  __mspabi_srai_2               
000076b0  __mspabi_srai_3               
000076ae  __mspabi_srai_4               
000076ac  __mspabi_srai_5               
000076aa  __mspabi_srai_6               
000076a8  __mspabi_srai_7               
000076a6  __mspabi_srai_8               
000076a4  __mspabi_srai_9               
00007522  __mspabi_sral_1               
000074fe  __mspabi_sral_10              
000074fa  __mspabi_sral_11              
000074f6  __mspabi_sral_12              
000074f2  __mspabi_sral_13              
000074ee  __mspabi_sral_14              
000074ea  __mspabi_sral_15              
0000751e  __mspabi_sral_2               
0000751a  __mspabi_sral_3               
00007516  __mspabi_sral_4               
00007512  __mspabi_sral_5               
0000750e  __mspabi_sral_6               
0000750a  __mspabi_sral_7               
00007506  __mspabi_sral_8               
00007502  __mspabi_sral_9               
000073d6  __mspabi_srli                 
0000741c  __mspabi_srli_1               
000073f8  __mspabi_srli_10              
000073f4  __mspabi_srli_11              
000073f0  __mspabi_srli_12              
000073ec  __mspabi_srli_13              
000073e8  __mspabi_srli_14              
000073e4  __mspabi_srli_15              
00007418  __mspabi_srli_2               
00007414  __mspabi_srli_3               
00007410  __mspabi_srli_4               
0000740c  __mspabi_srli_5               
00007408  __mspabi_srli_6               
00007404  __mspabi_srli_7               
00007400  __mspabi_srli_8               
000073fc  __mspabi_srli_9               
000077e4  __mspabi_srll                 
000072d4  __mspabi_srll_1               
0000729e  __mspabi_srll_10              
00007298  __mspabi_srll_11              
00007292  __mspabi_srll_12              
0000728c  __mspabi_srll_13              
00007286  __mspabi_srll_14              
00007280  __mspabi_srll_15              
000072ce  __mspabi_srll_2               
000072c8  __mspabi_srll_3               
000072c2  __mspabi_srll_4               
000072bc  __mspabi_srll_5               
000072b6  __mspabi_srll_6               
000072b0  __mspabi_srll_7               
000072aa  __mspabi_srll_8               
000072a4  __mspabi_srll_9               
00007776  _c_int00_noargs               
0000fffe  _reset_vector                 
000009b0  _stack                        
0000782e  _system_post_cinit            
0000782a  _system_pre_init              
00007824  abort                         
00000200  coordinate                    
00007422  key_show                      
0000020a  lx                            
0000020c  ly                            
00006eec  main                          
0000721a  main_menu                     
00007334  pix_filter                    
00007738  start_7843                    
00006f6e  start_show                    
00006dd6  touch_screen                  


GLOBAL SYMBOLS: SORTED BY Symbol Address 

address   name                          
-------   ----                          
00000000  IE1                           
00000001  IE2                           
00000002  IFG1                          
00000003  IFG2                          
00000004  ME1                           
00000005  ME2                           
00000018  P3IN                          
00000019  P3OUT                         
0000001a  P3DIR                         
0000001b  P3SEL                         
0000001c  P4IN                          
0000001d  P4OUT                         
0000001e  P4DIR                         
0000001f  P4SEL                         
00000020  P1IN                          
00000021  P1OUT                         
00000022  P1DIR                         
00000023  P1IFG                         
00000024  P1IES                         
00000025  P1IE                          
00000026  P1SEL                         
00000028  P2IN                          
00000029  P2OUT                         
0000002a  P2DIR                         
0000002b  P2IFG                         
0000002c  P2IES                         
0000002d  P2IE                          
0000002e  P2SEL                         
00000030  P5IN                          
00000031  P5OUT                         
00000032  P5DIR                         
00000033  P5SEL                         
00000034  P6IN                          
00000035  P6OUT                         
00000036  P6DIR                         
00000037  P6SEL                         
00000050  I2CIE                         
00000050  __STACK_SIZE                  
00000051  I2CIFG                        
00000052  I2CNDAT                       
00000055  SVSCTL                        
00000056  DCOCTL                        
00000057  BCSCTL1                       
00000058  BCSCTL2                       
00000059  CACTL1                        
0000005a  CACTL2                        
0000005b  CAPD                          
00000070  U0CTL                         
00000071  I2CTCTL                       
00000071  U0TCTL                        
00000072  I2CDCTL                       
00000072  U0RCTL                        
00000073  I2CPSC                        
00000073  U0MCTL                        
00000074  I2CSCLH                       
00000074  U0BR0                         
00000075  I2CSCLL                       
00000075  U0BR1                         
00000076  I2CDRB                        
00000076  I2CDRW                        
00000076  U0RXBUF                       
00000077  U0TXBUF                       
00000078  U1CTL                         
00000079  U1TCTL                        
0000007a  U1RCTL                        
0000007b  U1MCTL                        
0000007c  U1BR0                         
0000007d  U1BR1                         
0000007e  U1RXBUF                       
0000007f  U1TXBUF                       
00000080  ADC12MCTL0                    
00000081  ADC12MCTL1                    
00000082  ADC12MCTL2                    
00000083  ADC12MCTL3                    
00000084  ADC12MCTL4                    
00000085  ADC12MCTL5                    
00000086  ADC12MCTL6                    
00000087  ADC12MCTL7                    
00000088  ADC12MCTL8                    
00000089  ADC12MCTL9                    
0000008a  ADC12MCTL10                   
0000008b  ADC12MCTL11                   
0000008c  ADC12MCTL12                   
0000008d  ADC12MCTL13                   
0000008e  ADC12MCTL14                   
0000008f  ADC12MCTL15                   
00000118  I2COA                         
0000011a  I2CSA                         
0000011c  I2CIV                         
0000011e  TBIV                          
00000120  WDTCTL                        
00000122  DMACTL0                       
00000124  DMACTL1                       
00000128  FCTL1                         
0000012a  FCTL2                         
0000012c  FCTL3                         
0000012e  TAIV                          
00000130  MPY                           
00000132  MPYS                          
00000134  MAC                           
00000136  MACS                          
00000138  OP2                           
0000013a  RESLO                         
0000013c  RESHI                         
0000013e  SUMEXT                        
00000140  ADC12MEM0                     
00000142  ADC12MEM1                     
00000144  ADC12MEM2                     
00000146  ADC12MEM3                     
00000148  ADC12MEM4                     
0000014a  ADC12MEM5                     
0000014c  ADC12MEM6                     
0000014e  ADC12MEM7                     
00000150  ADC12MEM8                     
00000152  ADC12MEM9                     
00000154  ADC12MEM10                    
00000156  ADC12MEM11                    
00000158  ADC12MEM12                    
0000015a  ADC12MEM13                    
0000015c  ADC12MEM14                    
0000015e  ADC12MEM15                    
00000160  TACTL                         
00000162  TACCTL0                       
00000164  TACCTL1                       
00000166  TACCTL2                       
00000170  TAR                           
00000172  TACCR0                        
00000174  TACCR1                        
00000176  TACCR2                        
00000180  TBCTL                         
00000182  TBCCTL0                       
00000184  TBCCTL1                       
00000186  TBCCTL2                       
00000188  TBCCTL3                       
0000018a  TBCCTL4                       
0000018c  TBCCTL5                       
0000018e  TBCCTL6                       
00000190  TBR                           
00000192  TBCCR0                        
00000194  TBCCR1                        
00000196  TBCCR2                        
00000198  TBCCR3                        
0000019a  TBCCR4                        
0000019c  TBCCR5                        
0000019e  TBCCR6                        
000001a0  ADC12CTL0                     
000001a2  ADC12CTL1                     
000001a4  ADC12IFG                      
000001a6  ADC12IE                       
000001a8  ADC12IV                       
000001c0  DAC12_0CTL                    
000001c2  DAC12_1CTL                    
000001c8  DAC12_0DAT                    
000001ca  DAC12_1DAT                    
000001e0  DMA0CTL                       
000001e2  DMA0SA                        
000001e4  DMA0DA                        
000001e6  DMA0SZ                        
000001e8  DMA1CTL                       
000001ea  DMA1SA                        
000001ec  DMA1DA                        
000001ee  DMA1SZ                        
000001f0  DMA2CTL                       
000001f2  DMA2SA                        
000001f4  DMA2DA                        
000001f6  DMA2SZ                        
00000200  coordinate                    
00000204  Device_code                   
00000206  LCD_X                         
00000208  LCD_Y                         
0000020a  lx                            
0000020c  ly                            
000009b0  _stack                        
00000a00  __STACK_END                   
0000594a  TFT_Initial                   
0000600a  __TI_frcdivd                  
00006482  __TI_frcmpyd                  
00006708  __mspabi_mpyd                 
00006976  __mspabi_divd                 
00006bae  Getpix                        
00006c9e  Put16x16                      
00006d3a  PutGB2424                     
00006dd6  touch_screen                  
00006e62  __mspabi_fltuld               
00006eec  main                          
00006f6e  start_show                    
00006fea  Show_Image                    
00007060  __mspabi_fixdul               
000070d4  LCD_PutString24               
00007142  LCD_PutChar                   
000071ae  LCD_PutString                 
0000721a  main_menu                     
00007280  __mspabi_srll_15              
00007286  __mspabi_srll_14              
0000728c  __mspabi_srll_13              
00007292  __mspabi_srll_12              
00007298  __mspabi_srll_11              
0000729e  __mspabi_srll_10              
000072a4  __mspabi_srll_9               
000072aa  __mspabi_srll_8               
000072b0  __mspabi_srll_7               
000072b6  __mspabi_srll_6               
000072bc  __mspabi_srll_5               
000072c2  __mspabi_srll_4               
000072c8  __mspabi_srll_3               
000072ce  __mspabi_srll_2               
000072d4  __mspabi_srll_1               
000072dc  LCD_SetPos                    
00007334  pix_filter                    
00007388  AD7843                        
000073d6  __mspabi_srli                 
000073e4  __mspabi_srli_15              
000073e8  __mspabi_srli_14              
000073ec  __mspabi_srli_13              
000073f0  __mspabi_srli_12              
000073f4  __mspabi_srli_11              
000073f8  __mspabi_srli_10              
000073fc  __mspabi_srli_9               
00007400  __mspabi_srli_8               
00007404  __mspabi_srli_7               
00007408  __mspabi_srli_6               
0000740c  __mspabi_srli_5               
00007410  __mspabi_srli_4               
00007414  __mspabi_srli_3               
00007418  __mspabi_srli_2               
0000741c  __mspabi_srli_1               
00007422  key_show                      
0000746a  __TI_auto_init_nobinit_nopinit
000074ac  CLR_Screen                    
000074ea  __mspabi_sral_15              
000074ee  __mspabi_sral_14              
000074f2  __mspabi_sral_13              
000074f6  __mspabi_sral_12              
000074fa  __mspabi_sral_11              
000074fe  __mspabi_sral_10              
00007502  __mspabi_sral_9               
00007506  __mspabi_sral_8               
0000750a  __mspabi_sral_7               
0000750e  __mspabi_sral_6               
00007512  __mspabi_sral_5               
00007516  __mspabi_sral_4               
0000751a  __mspabi_sral_3               
0000751e  __mspabi_sral_2               
00007522  __mspabi_sral_1               
00007528  __mspabi_slll_15              
0000752c  __mspabi_slll_14              
00007530  __mspabi_slll_13              
00007534  __mspabi_slll_12              
00007538  __mspabi_slll_11              
0000753c  __mspabi_slll_10              
00007540  __mspabi_slll_9               
00007544  __mspabi_slll_8               
00007548  __mspabi_slll_7               
0000754c  __mspabi_slll_6               
00007550  __mspabi_slll_5               
00007554  __mspabi_slll_4               
00007558  __mspabi_slll_3               
0000755c  __mspabi_slll_2               
00007560  __mspabi_slll_1               
00007566  GUIfull                       
000075a2  Write_Cmd                     
000075d4  Write_7843                    
00007604  Clock_Init                    
00007632  __mspabi_mpyl_hw              
00007660  Write_Data                    
0000768c  __mspabi_srai                 
00007698  __mspabi_srai_15              
0000769a  __mspabi_srai_14              
0000769c  __mspabi_srai_13              
0000769e  __mspabi_srai_12              
000076a0  __mspabi_srai_11              
000076a2  __mspabi_srai_10              
000076a4  __mspabi_srai_9               
000076a6  __mspabi_srai_8               
000076a8  __mspabi_srai_7               
000076aa  __mspabi_srai_6               
000076ac  __mspabi_srai_5               
000076ae  __mspabi_srai_4               
000076b0  __mspabi_srai_3               
000076b2  __mspabi_srai_2               
000076b4  __mspabi_srai_1               
000076b8  __mspabi_slli                 
000076c4  __mspabi_slli_15              
000076c6  __mspabi_slli_14              
000076c8  __mspabi_slli_13              
000076ca  __mspabi_slli_12              
000076cc  __mspabi_slli_11              
000076ce  __mspabi_slli_10              
000076d0  __mspabi_slli_9               
000076d2  __mspabi_slli_8               
000076d4  __mspabi_slli_7               
000076d6  __mspabi_slli_6               
000076d8  __mspabi_slli_5               
000076da  __mspabi_slli_4               
000076dc  __mspabi_slli_3               
000076de  __mspabi_slli_2               
000076e0  __mspabi_slli_1               
000076e4  Port_Init                     
0000770e  Read_7843                     
00007738  start_7843                    
00007758  Write_Cmd_Data                
00007776  _c_int00_noargs               
00007792  GUIpoint                      
000077aa  __TI_zero_init_nomemset       
000077be  __mspabi_mpyi_hw              
000077d2  __mspabi_fixdu                
000077e4  __mspabi_srll                 
000077f6  Write_Data_U16                
00007806  __mspabi_func_epilog_7        
00007808  __mspabi_func_epilog_6        
0000780a  __mspabi_func_epilog_5        
0000780c  __mspabi_func_epilog_4        
0000780e  __mspabi_func_epilog_3        
00007810  __mspabi_func_epilog_2        
00007812  __mspabi_func_epilog_1        
00007816  __TI_ISR_TRAP                 
0000781e  __mspabi_fltud                
00007824  C$$EXIT                       
00007824  abort                         
0000782a  _system_pre_init              
0000782e  _system_post_cinit            
00007834  __TI_Handler_Table_Base       
00007836  __TI_CINIT_Base               
00007836  __TI_Handler_Table_Limit      
0000783a  __TI_CINIT_Limit              
0000ffe0  __TI_int00                    
0000ffe2  __TI_int01                    
0000ffe4  __TI_int02                    
0000ffe6  __TI_int03                    
0000ffe8  __TI_int04                    
0000ffea  __TI_int05                    
0000ffec  __TI_int06                    
0000ffee  __TI_int07                    
0000fff0  __TI_int08                    
0000fff2  __TI_int09                    
0000fff4  __TI_int10                    
0000fff6  __TI_int11                    
0000fff8  __TI_int12                    
0000fffa  __TI_int13                    
0000fffc  __TI_int14                    
0000fffe  _reset_vector                 
ffffffff  __TI_pprof_out_hndl           
ffffffff  __TI_prof_data_size           
ffffffff  __TI_prof_data_start          
ffffffff  __c_args__                    

[345 symbols]
