******************************************************************************
                  MSP430 Linker PC v18.1.2                     
******************************************************************************
>> Linked Sun Oct 21 17:24:57 2018

OUTPUT FILE NAME:   <moni_i2c.out>
ENTRY POINT SYMBOL: "_c_int00_noinit_noargs"  address: 000014de


MEMORY CONFIGURATION

         name            origin    length      used     unused   attr    fill
----------------------  --------  ---------  --------  --------  ----  --------
  SFR                   00000000   00000010  00000000  00000010  RWIX
  PERIPHERALS_8BIT      00000010   000000f0  00000000  000000f0  RWIX
  PERIPHERALS_16BIT     00000100   00000100  00000000  00000100  RWIX
  RAM                   00000200   00000800  00000050  000007b0  RWIX
  INFOB                 00001000   00000080  00000000  00000080  RWIX
  INFOA                 00001080   00000080  00000000  00000080  RWIX
  FLASH                 00001100   0000eee0  00000428  0000eab8  RWIX
  INT00                 0000ffe0   00000002  00000002  00000000  RWIX
  INT01                 0000ffe2   00000002  00000002  00000000  RWIX
  INT02                 0000ffe4   00000002  00000002  00000000  RWIX
  INT03                 0000ffe6   00000002  00000002  00000000  RWIX
  INT04                 0000ffe8   00000002  00000002  00000000  RWIX
  INT05                 0000ffea   00000002  00000002  00000000  RWIX
  INT06                 0000ffec   00000002  00000002  00000000  RWIX
  INT07                 0000ffee   00000002  00000002  00000000  RWIX
  INT08                 0000fff0   00000002  00000002  00000000  RWIX
  INT09                 0000fff2   00000002  00000002  00000000  RWIX
  INT10                 0000fff4   00000002  00000002  00000000  RWIX
  INT11                 0000fff6   00000002  00000002  00000000  RWIX
  INT12                 0000fff8   00000002  00000002  00000000  RWIX
  INT13                 0000fffa   00000002  00000002  00000000  RWIX
  INT14                 0000fffc   00000002  00000002  00000000  RWIX
  RESET                 0000fffe   00000002  00000002  00000000  RWIX


SECTION ALLOCATION MAP

 output                                  attributes/
section   page    origin      length       input sections
--------  ----  ----------  ----------   ----------------
.stack     0    000009b0    00000050     UNINITIALIZED
                  000009b0    00000002     rts430_eabi.lib : boot.c.obj (.stack)
                  000009b2    0000004e     --HOLE--

.text      0    00001100    00000428     
                  00001100    00000082     i2c.obj (.text:Send_data)
                  00001182    00000062     LCD1602..obj (.text:LCD_init)
                  000011e4    0000005c     i2c.obj (.text:read_data)
                  00001240    00000052     i2c.obj (.text:i2c_start)
                  00001292    00000040     i2c.obj (.text:i2c_ans)
                  000012d2    00000040     i2c.obj (.text:i2c_stop)
                  00001312    00000040     main.obj (.text:main)
                  00001352    0000003e     main.obj (.text:read_time)
                  00001390    0000002e     main.obj (.text:Clock_Init)
                  000013be    0000002c     rts430_eabi.lib : asr16.asm.obj (.text)
                  000013ea    0000002c                     : div16s.asm.obj (.text)
                  00001416    0000002a     LCD1602..obj (.text:LCD_write_com)
                  00001440    0000002a     LCD1602..obj (.text:LCD_write_data)
                  0000146a    0000001e     LCD1602..obj (.text:LCD_write_single_char)
                  00001488    00000018     main.obj (.text:bcd_hex)
                  000014a0    00000016     rts430_eabi.lib : div16u.asm.obj (.text)
                  000014b6    00000014     LCD1602..obj (.text:LCD_clear)
                  000014ca    00000014     LCD1602..obj (.text:Port_init)
                  000014de    00000014     rts430_eabi.lib : boot.c.obj (.text:_c_int00_noinit_noargs)
                  000014f2    00000014                     : mult16_hw.asm.obj (.text)
                  00001506    00000010     main.obj (.text:port_init)
                  00001516    00000008     rts430_eabi.lib : isr_trap.asm.obj (.text:_isr:__TI_ISR_TRAP)
                  0000151e    00000006                     : exit.c.obj (.text:abort)
                  00001524    00000004                     : pre_init.c.obj (.text:_system_pre_init)

.cinit     0    00001100    00000000     UNINITIALIZED

.binit     0    00001100    00000000     

.init_array 
*          0    00001100    00000000     UNINITIALIZED

DACDMA     0    0000ffe0    00000002     
                  0000ffe0    00000002     rts430_eabi.lib : int00.asm.obj (.int00)

PORT2      0    0000ffe2    00000002     
                  0000ffe2    00000002     rts430_eabi.lib : int01.asm.obj (.int01)

USART1TX   0    0000ffe4    00000002     
                  0000ffe4    00000002     rts430_eabi.lib : int02.asm.obj (.int02)

USART1RX   0    0000ffe6    00000002     
                  0000ffe6    00000002     rts430_eabi.lib : int03.asm.obj (.int03)

PORT1      0    0000ffe8    00000002     
                  0000ffe8    00000002     rts430_eabi.lib : int04.asm.obj (.int04)

TIMERA1    0    0000ffea    00000002     
                  0000ffea    00000002     rts430_eabi.lib : int05.asm.obj (.int05)

TIMERA0    0    0000ffec    00000002     
                  0000ffec    00000002     rts430_eabi.lib : int06.asm.obj (.int06)

ADC12      0    0000ffee    00000002     
                  0000ffee    00000002     rts430_eabi.lib : int07.asm.obj (.int07)

USART0TX   0    0000fff0    00000002     
                  0000fff0    00000002     rts430_eabi.lib : int08.asm.obj (.int08)

USART0RX   0    0000fff2    00000002     
                  0000fff2    00000002     rts430_eabi.lib : int09.asm.obj (.int09)

WDT        0    0000fff4    00000002     
                  0000fff4    00000002     rts430_eabi.lib : int10.asm.obj (.int10)

COMPARATORA 
*          0    0000fff6    00000002     
                  0000fff6    00000002     rts430_eabi.lib : int11.asm.obj (.int11)

TIMERB1    0    0000fff8    00000002     
                  0000fff8    00000002     rts430_eabi.lib : int12.asm.obj (.int12)

TIMERB0    0    0000fffa    00000002     
                  0000fffa    00000002     rts430_eabi.lib : int13.asm.obj (.int13)

NMI        0    0000fffc    00000002     
                  0000fffc    00000002     rts430_eabi.lib : int14.asm.obj (.int14)

.reset     0    0000fffe    00000002     
                  0000fffe    00000002     rts430_eabi.lib : boot.c.obj (.reset)

MODULE SUMMARY

       Module              code   ro data   rw data
       ------              ----   -------   -------
    .\
       i2c.obj             432    0         0      
       LCD1602..obj        252    0         0      
       main.obj            212    0         0      
    +--+-------------------+------+---------+---------+
       Total:              896    0         0      
                                                   
    C:\ti\ccsv8\tools\compiler\ti-cgt-msp430_18.1.2.LTS\lib\rts430_eabi.lib
       asr16.asm.obj       44     0         0      
       div16s.asm.obj      44     0         0      
       boot.c.obj          20     2         0      
       div16u.asm.obj      22     0         0      
       mult16_hw.asm.obj   20     0         0      
       isr_trap.asm.obj    8      0         0      
       exit.c.obj          6      0         0      
       pre_init.c.obj      4      0         0      
       int00.asm.obj       0      2         0      
       int01.asm.obj       0      2         0      
       int02.asm.obj       0      2         0      
       int03.asm.obj       0      2         0      
       int04.asm.obj       0      2         0      
       int05.asm.obj       0      2         0      
       int06.asm.obj       0      2         0      
       int07.asm.obj       0      2         0      
       int08.asm.obj       0      2         0      
       int09.asm.obj       0      2         0      
       int10.asm.obj       0      2         0      
       int11.asm.obj       0      2         0      
       int12.asm.obj       0      2         0      
       int13.asm.obj       0      2         0      
       int14.asm.obj       0      2         0      
    +--+-------------------+------+---------+---------+
       Total:              168    32        0      
                                                   
       Stack:              0      0         80     
    +--+-------------------+------+---------+---------+
       Grand Total:        1064   32        80     


GLOBAL SYMBOLS: SORTED ALPHABETICALLY BY Name 

address   name                  
-------   ----                  
000001a0  ADC12CTL0             
000001a2  ADC12CTL1             
000001a6  ADC12IE               
000001a4  ADC12IFG              
000001a8  ADC12IV               
00000080  ADC12MCTL0            
00000081  ADC12MCTL1            
0000008a  ADC12MCTL10           
0000008b  ADC12MCTL11           
0000008c  ADC12MCTL12           
0000008d  ADC12MCTL13           
0000008e  ADC12MCTL14           
0000008f  ADC12MCTL15           
00000082  ADC12MCTL2            
00000083  ADC12MCTL3            
00000084  ADC12MCTL4            
00000085  ADC12MCTL5            
00000086  ADC12MCTL6            
00000087  ADC12MCTL7            
00000088  ADC12MCTL8            
00000089  ADC12MCTL9            
00000140  ADC12MEM0             
00000142  ADC12MEM1             
00000154  ADC12MEM10            
00000156  ADC12MEM11            
00000158  ADC12MEM12            
0000015a  ADC12MEM13            
0000015c  ADC12MEM14            
0000015e  ADC12MEM15            
00000144  ADC12MEM2             
00000146  ADC12MEM3             
00000148  ADC12MEM4             
0000014a  ADC12MEM5             
0000014c  ADC12MEM6             
0000014e  ADC12MEM7             
00000150  ADC12MEM8             
00000152  ADC12MEM9             
00000057  BCSCTL1               
00000058  BCSCTL2               
0000151e  C$$EXIT               
00000059  CACTL1                
0000005a  CACTL2                
0000005b  CAPD                  
00001390  Clock_Init            
000001c0  DAC12_0CTL            
000001c8  DAC12_0DAT            
000001c2  DAC12_1CTL            
000001ca  DAC12_1DAT            
00000056  DCOCTL                
000001e0  DMA0CTL               
000001e4  DMA0DA                
000001e2  DMA0SA                
000001e6  DMA0SZ                
000001e8  DMA1CTL               
000001ec  DMA1DA                
000001ea  DMA1SA                
000001ee  DMA1SZ                
000001f0  DMA2CTL               
000001f4  DMA2DA                
000001f2  DMA2SA                
000001f6  DMA2SZ                
00000122  DMACTL0               
00000124  DMACTL1               
00000128  FCTL1                 
0000012a  FCTL2                 
0000012c  FCTL3                 
00000072  I2CDCTL               
00000076  I2CDRB                
00000076  I2CDRW                
00000050  I2CIE                 
00000051  I2CIFG                
0000011c  I2CIV                 
00000052  I2CNDAT               
00000118  I2COA                 
00000073  I2CPSC                
0000011a  I2CSA                 
00000074  I2CSCLH               
00000075  I2CSCLL               
00000071  I2CTCTL               
00000000  IE1                   
00000001  IE2                   
00000002  IFG1                  
00000003  IFG2                  
000014b6  LCD_clear             
00001182  LCD_init              
00001416  LCD_write_com         
00001440  LCD_write_data        
0000146a  LCD_write_single_char 
00000134  MAC                   
00000136  MACS                  
00000004  ME1                   
00000005  ME2                   
00000130  MPY                   
00000132  MPYS                  
00000138  OP2                   
00000022  P1DIR                 
00000025  P1IE                  
00000024  P1IES                 
00000023  P1IFG                 
00000020  P1IN                  
00000021  P1OUT                 
00000026  P1SEL                 
0000002a  P2DIR                 
0000002d  P2IE                  
0000002c  P2IES                 
0000002b  P2IFG                 
00000028  P2IN                  
00000029  P2OUT                 
0000002e  P2SEL                 
0000001a  P3DIR                 
00000018  P3IN                  
00000019  P3OUT                 
0000001b  P3SEL                 
0000001e  P4DIR                 
0000001c  P4IN                  
0000001d  P4OUT                 
0000001f  P4SEL                 
00000032  P5DIR                 
00000030  P5IN                  
00000031  P5OUT                 
00000033  P5SEL                 
00000036  P6DIR                 
00000034  P6IN                  
00000035  P6OUT                 
00000037  P6SEL                 
000014ca  Port_init             
0000013c  RESHI                 
0000013a  RESLO                 
0000013e  SUMEXT                
00000055  SVSCTL                
00001100  Send_data             
00000172  TACCR0                
00000174  TACCR1                
00000176  TACCR2                
00000162  TACCTL0               
00000164  TACCTL1               
00000166  TACCTL2               
00000160  TACTL                 
0000012e  TAIV                  
00000170  TAR                   
00000192  TBCCR0                
00000194  TBCCR1                
00000196  TBCCR2                
00000198  TBCCR3                
0000019a  TBCCR4                
0000019c  TBCCR5                
0000019e  TBCCR6                
00000182  TBCCTL0               
00000184  TBCCTL1               
00000186  TBCCTL2               
00000188  TBCCTL3               
0000018a  TBCCTL4               
0000018c  TBCCTL5               
0000018e  TBCCTL6               
00000180  TBCTL                 
0000011e  TBIV                  
00000190  TBR                   
00000074  U0BR0                 
00000075  U0BR1                 
00000070  U0CTL                 
00000073  U0MCTL                
00000072  U0RCTL                
00000076  U0RXBUF               
00000071  U0TCTL                
00000077  U0TXBUF               
0000007c  U1BR0                 
0000007d  U1BR1                 
00000078  U1CTL                 
0000007b  U1MCTL                
0000007a  U1RCTL                
0000007e  U1RXBUF               
00000079  U1TCTL                
0000007f  U1TXBUF               
00000120  WDTCTL                
00000a00  __STACK_END           
00000050  __STACK_SIZE          
00001516  __TI_ISR_TRAP         
0000ffe0  __TI_int00            
0000ffe2  __TI_int01            
0000ffe4  __TI_int02            
0000ffe6  __TI_int03            
0000ffe8  __TI_int04            
0000ffea  __TI_int05            
0000ffec  __TI_int06            
0000ffee  __TI_int07            
0000fff0  __TI_int08            
0000fff2  __TI_int09            
0000fff4  __TI_int10            
0000fff6  __TI_int11            
0000fff8  __TI_int12            
0000fffa  __TI_int13            
0000fffc  __TI_int14            
ffffffff  __TI_pprof_out_hndl   
ffffffff  __TI_prof_data_size   
ffffffff  __TI_prof_data_start  
ffffffff  __c_args__            
000013ea  __mspabi_divi         
000014a0  __mspabi_divu         
000014f2  __mspabi_mpyi_hw      
000013ea  __mspabi_remi         
000014a0  __mspabi_remu         
000013be  __mspabi_srai         
000013e6  __mspabi_srai_1       
000013d4  __mspabi_srai_10      
000013d2  __mspabi_srai_11      
000013d0  __mspabi_srai_12      
000013ce  __mspabi_srai_13      
000013cc  __mspabi_srai_14      
000013ca  __mspabi_srai_15      
000013e4  __mspabi_srai_2       
000013e2  __mspabi_srai_3       
000013e0  __mspabi_srai_4       
000013de  __mspabi_srai_5       
000013dc  __mspabi_srai_6       
000013da  __mspabi_srai_7       
000013d8  __mspabi_srai_8       
000013d6  __mspabi_srai_9       
000014de  _c_int00_noinit_noargs
0000fffe  _reset_vector         
000009b0  _stack                
00001524  _system_pre_init      
0000151e  abort                 
00001488  bcd_hex               
00001292  i2c_ans               
00001240  i2c_start             
000012d2  i2c_stop              
00001312  main                  
00001506  port_init             
000011e4  read_data             
00001352  read_time             


GLOBAL SYMBOLS: SORTED BY Symbol Address 

address   name                  
-------   ----                  
00000000  IE1                   
00000001  IE2                   
00000002  IFG1                  
00000003  IFG2                  
00000004  ME1                   
00000005  ME2                   
00000018  P3IN                  
00000019  P3OUT                 
0000001a  P3DIR                 
0000001b  P3SEL                 
0000001c  P4IN                  
0000001d  P4OUT                 
0000001e  P4DIR                 
0000001f  P4SEL                 
00000020  P1IN                  
00000021  P1OUT                 
00000022  P1DIR                 
00000023  P1IFG                 
00000024  P1IES                 
00000025  P1IE                  
00000026  P1SEL                 
00000028  P2IN                  
00000029  P2OUT                 
0000002a  P2DIR                 
0000002b  P2IFG                 
0000002c  P2IES                 
0000002d  P2IE                  
0000002e  P2SEL                 
00000030  P5IN                  
00000031  P5OUT                 
00000032  P5DIR                 
00000033  P5SEL                 
00000034  P6IN                  
00000035  P6OUT                 
00000036  P6DIR                 
00000037  P6SEL                 
00000050  I2CIE                 
00000050  __STACK_SIZE          
00000051  I2CIFG                
00000052  I2CNDAT               
00000055  SVSCTL                
00000056  DCOCTL                
00000057  BCSCTL1               
00000058  BCSCTL2               
00000059  CACTL1                
0000005a  CACTL2                
0000005b  CAPD                  
00000070  U0CTL                 
00000071  I2CTCTL               
00000071  U0TCTL                
00000072  I2CDCTL               
00000072  U0RCTL                
00000073  I2CPSC                
00000073  U0MCTL                
00000074  I2CSCLH               
00000074  U0BR0                 
00000075  I2CSCLL               
00000075  U0BR1                 
00000076  I2CDRB                
00000076  I2CDRW                
00000076  U0RXBUF               
00000077  U0TXBUF               
00000078  U1CTL                 
00000079  U1TCTL                
0000007a  U1RCTL                
0000007b  U1MCTL                
0000007c  U1BR0                 
0000007d  U1BR1                 
0000007e  U1RXBUF               
0000007f  U1TXBUF               
00000080  ADC12MCTL0            
00000081  ADC12MCTL1            
00000082  ADC12MCTL2            
00000083  ADC12MCTL3            
00000084  ADC12MCTL4            
00000085  ADC12MCTL5            
00000086  ADC12MCTL6            
00000087  ADC12MCTL7            
00000088  ADC12MCTL8            
00000089  ADC12MCTL9            
0000008a  ADC12MCTL10           
0000008b  ADC12MCTL11           
0000008c  ADC12MCTL12           
0000008d  ADC12MCTL13           
0000008e  ADC12MCTL14           
0000008f  ADC12MCTL15           
00000118  I2COA                 
0000011a  I2CSA                 
0000011c  I2CIV                 
0000011e  TBIV                  
00000120  WDTCTL                
00000122  DMACTL0               
00000124  DMACTL1               
00000128  FCTL1                 
0000012a  FCTL2                 
0000012c  FCTL3                 
0000012e  TAIV                  
00000130  MPY                   
00000132  MPYS                  
00000134  MAC                   
00000136  MACS                  
00000138  OP2                   
0000013a  RESLO                 
0000013c  RESHI                 
0000013e  SUMEXT                
00000140  ADC12MEM0             
00000142  ADC12MEM1             
00000144  ADC12MEM2             
00000146  ADC12MEM3             
00000148  ADC12MEM4             
0000014a  ADC12MEM5             
0000014c  ADC12MEM6             
0000014e  ADC12MEM7             
00000150  ADC12MEM8             
00000152  ADC12MEM9             
00000154  ADC12MEM10            
00000156  ADC12MEM11            
00000158  ADC12MEM12            
0000015a  ADC12MEM13            
0000015c  ADC12MEM14            
0000015e  ADC12MEM15            
00000160  TACTL                 
00000162  TACCTL0               
00000164  TACCTL1               
00000166  TACCTL2               
00000170  TAR                   
00000172  TACCR0                
00000174  TACCR1                
00000176  TACCR2                
00000180  TBCTL                 
00000182  TBCCTL0               
00000184  TBCCTL1               
00000186  TBCCTL2               
00000188  TBCCTL3               
0000018a  TBCCTL4               
0000018c  TBCCTL5               
0000018e  TBCCTL6               
00000190  TBR                   
00000192  TBCCR0                
00000194  TBCCR1                
00000196  TBCCR2                
00000198  TBCCR3                
0000019a  TBCCR4                
0000019c  TBCCR5                
0000019e  TBCCR6                
000001a0  ADC12CTL0             
000001a2  ADC12CTL1             
000001a4  ADC12IFG              
000001a6  ADC12IE               
000001a8  ADC12IV               
000001c0  DAC12_0CTL            
000001c2  DAC12_1CTL            
000001c8  DAC12_0DAT            
000001ca  DAC12_1DAT            
000001e0  DMA0CTL               
000001e2  DMA0SA                
000001e4  DMA0DA                
000001e6  DMA0SZ                
000001e8  DMA1CTL               
000001ea  DMA1SA                
000001ec  DMA1DA                
000001ee  DMA1SZ                
000001f0  DMA2CTL               
000001f2  DMA2SA                
000001f4  DMA2DA                
000001f6  DMA2SZ                
000009b0  _stack                
00000a00  __STACK_END           
00001100  Send_data             
00001182  LCD_init              
000011e4  read_data             
00001240  i2c_start             
00001292  i2c_ans               
000012d2  i2c_stop              
00001312  main                  
00001352  read_time             
00001390  Clock_Init            
000013be  __mspabi_srai         
000013ca  __mspabi_srai_15      
000013cc  __mspabi_srai_14      
000013ce  __mspabi_srai_13      
000013d0  __mspabi_srai_12      
000013d2  __mspabi_srai_11      
000013d4  __mspabi_srai_10      
000013d6  __mspabi_srai_9       
000013d8  __mspabi_srai_8       
000013da  __mspabi_srai_7       
000013dc  __mspabi_srai_6       
000013de  __mspabi_srai_5       
000013e0  __mspabi_srai_4       
000013e2  __mspabi_srai_3       
000013e4  __mspabi_srai_2       
000013e6  __mspabi_srai_1       
000013ea  __mspabi_divi         
000013ea  __mspabi_remi         
00001416  LCD_write_com         
00001440  LCD_write_data        
0000146a  LCD_write_single_char 
00001488  bcd_hex               
000014a0  __mspabi_divu         
000014a0  __mspabi_remu         
000014b6  LCD_clear             
000014ca  Port_init             
000014de  _c_int00_noinit_noargs
000014f2  __mspabi_mpyi_hw      
00001506  port_init             
00001516  __TI_ISR_TRAP         
0000151e  C$$EXIT               
0000151e  abort                 
00001524  _system_pre_init      
0000ffe0  __TI_int00            
0000ffe2  __TI_int01            
0000ffe4  __TI_int02            
0000ffe6  __TI_int03            
0000ffe8  __TI_int04            
0000ffea  __TI_int05            
0000ffec  __TI_int06            
0000ffee  __TI_int07            
0000fff0  __TI_int08            
0000fff2  __TI_int09            
0000fff4  __TI_int10            
0000fff6  __TI_int11            
0000fff8  __TI_int12            
0000fffa  __TI_int13            
0000fffc  __TI_int14            
0000fffe  _reset_vector         
ffffffff  __TI_pprof_out_hndl   
ffffffff  __TI_prof_data_size   
ffffffff  __TI_prof_data_start  
ffffffff  __c_args__            

[230 symbols]
