******************************************************************************
                  MSP430 Linker PC v18.1.2                     
******************************************************************************
>> Linked Fri Oct 26 09:11:35 2018

OUTPUT FILE NAME:   <PWM.out>
ENTRY POINT SYMBOL: "_c_int00_noargs"  address: 00002110


MEMORY CONFIGURATION

         name            origin    length      used     unused   attr    fill
----------------------  --------  ---------  --------  --------  ----  --------
  SFR                   00000000   00000010  00000000  00000010  RWIX
  PERIPHERALS_8BIT      00000010   000000f0  00000000  000000f0  RWIX
  PERIPHERALS_16BIT     00000100   00000100  00000000  00000100  RWIX
  RAM                   00000200   00000800  00000051  000007af  RWIX
  INFOB                 00001000   00000080  00000000  00000080  RWIX
  INFOA                 00001080   00000080  00000000  00000080  RWIX
  FLASH                 00001100   0000eee0  000010c0  0000de20  RWIX
  INT00                 0000ffe0   00000002  00000002  00000000  RWIX
  INT01                 0000ffe2   00000002  00000002  00000000  RWIX
  INT02                 0000ffe4   00000002  00000002  00000000  RWIX
  INT03                 0000ffe6   00000002  00000002  00000000  RWIX
  INT04                 0000ffe8   00000002  00000002  00000000  RWIX
  INT05                 0000ffea   00000002  00000002  00000000  RWIX
  INT06                 0000ffec   00000002  00000002  00000000  RWIX
  INT07                 0000ffee   00000002  00000002  00000000  RWIX
  INT08                 0000fff0   00000002  00000002  00000000  RWIX
  INT09                 0000fff2   00000002  00000002  00000000  RWIX
  INT10                 0000fff4   00000002  00000002  00000000  RWIX
  INT11                 0000fff6   00000002  00000002  00000000  RWIX
  INT12                 0000fff8   00000002  00000002  00000000  RWIX
  INT13                 0000fffa   00000002  00000002  00000000  RWIX
  INT14                 0000fffc   00000002  00000002  00000000  RWIX
  RESET                 0000fffe   00000002  00000002  00000000  RWIX


SECTION ALLOCATION MAP

 output                                  attributes/
section   page    origin      length       input sections
--------  ----  ----------  ----------   ----------------
.data      0    00000200    00000001     UNINITIALIZED
                  00000200    00000001     main.obj (.data)

.stack     0    000009b0    00000050     UNINITIALIZED
                  000009b0    00000002     rts430_eabi.lib : boot.c.obj (.stack)
                  000009b2    0000004e     --HOLE--

.text      0    00001100    000010b2     
                  00001100    00000478     rts430_eabi.lib : frcdivd.c.obj (.text:__TI_frcdivd)
                  00001578    00000286                     : frcmpyd.c.obj (.text:__TI_frcmpyd)
                  000017fe    0000026e                     : mpyd.c.obj (.text:__mspabi_mpyd)
                  00001a6c    00000238                     : divd.c.obj (.text:__mspabi_divd)
                  00001ca4    0000008a                     : fltuld.c.obj (.text:__mspabi_fltuld)
                  00001d2e    0000007c                     : copy_decompress_lzss.c.obj (.text:decompress:lzss:__TI_decompress_lzss)
                  00001daa    00000074                     : fixdul.c.obj (.text:__mspabi_fixdul)
                  00001e1e    0000005c                     : lsr32.asm.obj (.text:l_lsr_const)
                  00001e7a    0000004c     main.obj (.text:pwm)
                  00001ec6    0000004c     rts430_eabi.lib : lsr16.asm.obj (.text)
                  00001f12    00000042                     : autoinit.c.obj (.text:__TI_auto_init_nobinit_nopinit:__TI_auto_init_nobinit_nopinit)
                  00001f54    0000003e                     : asr32.asm.obj (.text:l_asr_const)
                  00001f92    0000003e                     : lsl32.asm.obj (.text:l_lsl_const)
                  00001fd0    0000003c     main.obj (.text:main)
                  0000200c    0000002e     main.obj (.text:Clock_Init)
                  0000203a    0000002e     main.obj (.text:keys)
                  00002068    0000002e     rts430_eabi.lib : mult32_hw.asm.obj (.text)
                  00002096    0000002c                     : asr16.asm.obj (.text)
                  000020c2    0000002c                     : lsl16.asm.obj (.text)
                  000020ee    00000022     main.obj (.text:port1_init)
                  00002110    0000001c     rts430_eabi.lib : boot.c.obj (.text:_c_int00_noargs)
                  0000212c    00000014                     : mult16_hw.asm.obj (.text)
                  00002140    00000012                     : fixdu.c.obj (.text:__mspabi_fixdu)
                  00002152    00000012                     : copy_decompress_none.c.obj (.text:decompress:none:__TI_decompress_none)
                  00002164    00000012                     : lsr32.asm.obj (.text:l_lsr)
                  00002176    00000012                     : memcpy.c.obj (.text:memcpy)
                  00002188    00000010                     : epilog.asm.obj (.text)
                  00002198    00000008                     : isr_trap.asm.obj (.text:_isr:__TI_ISR_TRAP)
                  000021a0    00000006                     : fltud.c.obj (.text:__mspabi_fltud)
                  000021a6    00000006                     : exit.c.obj (.text:abort)
                  000021ac    00000004                     : pre_init.c.obj (.text:_system_pre_init)
                  000021b0    00000002                     : startup.c.obj (.text:_system_post_cinit)

.cinit     0    000021b2    0000000e     
                  000021b2    00000005     (.cinit..data.load) [load image]
                  000021b7    00000001     --HOLE-- [fill = 0]
                  000021b8    00000004     (__TI_handler_table)
                  000021bc    00000004     (__TI_cinit_table)

.binit     0    00001100    00000000     

.init_array 
*          0    00001100    00000000     UNINITIALIZED

DACDMA     0    0000ffe0    00000002     
                  0000ffe0    00000002     rts430_eabi.lib : int00.asm.obj (.int00)

PORT2      0    0000ffe2    00000002     
                  0000ffe2    00000002     rts430_eabi.lib : int01.asm.obj (.int01)

USART1TX   0    0000ffe4    00000002     
                  0000ffe4    00000002     rts430_eabi.lib : int02.asm.obj (.int02)

USART1RX   0    0000ffe6    00000002     
                  0000ffe6    00000002     rts430_eabi.lib : int03.asm.obj (.int03)

PORT1      0    0000ffe8    00000002     
                  0000ffe8    00000002     main.obj (.int04)

TIMERA1    0    0000ffea    00000002     
                  0000ffea    00000002     rts430_eabi.lib : int05.asm.obj (.int05)

TIMERA0    0    0000ffec    00000002     
                  0000ffec    00000002     rts430_eabi.lib : int06.asm.obj (.int06)

ADC12      0    0000ffee    00000002     
                  0000ffee    00000002     rts430_eabi.lib : int07.asm.obj (.int07)

USART0TX   0    0000fff0    00000002     
                  0000fff0    00000002     rts430_eabi.lib : int08.asm.obj (.int08)

USART0RX   0    0000fff2    00000002     
                  0000fff2    00000002     rts430_eabi.lib : int09.asm.obj (.int09)

WDT        0    0000fff4    00000002     
                  0000fff4    00000002     rts430_eabi.lib : int10.asm.obj (.int10)

COMPARATORA 
*          0    0000fff6    00000002     
                  0000fff6    00000002     rts430_eabi.lib : int11.asm.obj (.int11)

TIMERB1    0    0000fff8    00000002     
                  0000fff8    00000002     rts430_eabi.lib : int12.asm.obj (.int12)

TIMERB0    0    0000fffa    00000002     
                  0000fffa    00000002     rts430_eabi.lib : int13.asm.obj (.int13)

NMI        0    0000fffc    00000002     
                  0000fffc    00000002     rts430_eabi.lib : int14.asm.obj (.int14)

.reset     0    0000fffe    00000002     
                  0000fffe    00000002     rts430_eabi.lib : boot.c.obj (.reset)

MODULE SUMMARY

       Module                       code   ro data   rw data
       ------                       ----   -------   -------
    .\
       main.obj                     262    2         1      
    +--+----------------------------+------+---------+---------+
       Total:                       262    2         1      
                                                            
    C:\ti\ccsv8\tools\compiler\ti-cgt-msp430_18.1.2.LTS\lib\rts430_eabi.lib
       frcdivd.c.obj                1144   0         0      
       frcmpyd.c.obj                646    0         0      
       mpyd.c.obj                   622    0         0      
       divd.c.obj                   568    0         0      
       fltuld.c.obj                 138    0         0      
       copy_decompress_lzss.c.obj   124    0         0      
       fixdul.c.obj                 116    0         0      
       lsr32.asm.obj                110    0         0      
       lsr16.asm.obj                76     0         0      
       autoinit.c.obj               66     0         0      
       asr32.asm.obj                62     0         0      
       lsl32.asm.obj                62     0         0      
       mult32_hw.asm.obj            46     0         0      
       asr16.asm.obj                44     0         0      
       lsl16.asm.obj                44     0         0      
       boot.c.obj                   28     2         0      
       mult16_hw.asm.obj            20     0         0      
       copy_decompress_none.c.obj   18     0         0      
       fixdu.c.obj                  18     0         0      
       memcpy.c.obj                 18     0         0      
       epilog.asm.obj               16     0         0      
       isr_trap.asm.obj             8      0         0      
       exit.c.obj                   6      0         0      
       fltud.c.obj                  6      0         0      
       pre_init.c.obj               4      0         0      
       int00.asm.obj                0      2         0      
       int01.asm.obj                0      2         0      
       int02.asm.obj                0      2         0      
       int03.asm.obj                0      2         0      
       int05.asm.obj                0      2         0      
       int06.asm.obj                0      2         0      
       int07.asm.obj                0      2         0      
       int08.asm.obj                0      2         0      
       int09.asm.obj                0      2         0      
       int10.asm.obj                0      2         0      
       int11.asm.obj                0      2         0      
       int12.asm.obj                0      2         0      
       int13.asm.obj                0      2         0      
       int14.asm.obj                0      2         0      
       startup.c.obj                2      0         0      
    +--+----------------------------+------+---------+---------+
       Total:                       4012   30        0      
                                                            
       Stack:                       0      0         80     
       Linker Generated:            0      13        0      
    +--+----------------------------+------+---------+---------+
       Grand Total:                 4274   45        81     


LINKER GENERATED COPY TABLES

__TI_cinit_table @ 000021bc records: 1, size/record: 4, table size: 4
	.data: load addr=000021b2, load size=00000005 bytes, run addr=00000200, run size=00000001 bytes, compression=copy


LINKER GENERATED HANDLER TABLE

__TI_handler_table @ 000021b8 records: 2, size/record: 2, table size: 4
	index: 0, handler: __TI_decompress_lzss
	index: 1, handler: __TI_decompress_none


GLOBAL SYMBOLS: SORTED ALPHABETICALLY BY Name 

address   name                          
-------   ----                          
000001a0  ADC12CTL0                     
000001a2  ADC12CTL1                     
000001a6  ADC12IE                       
000001a4  ADC12IFG                      
000001a8  ADC12IV                       
00000080  ADC12MCTL0                    
00000081  ADC12MCTL1                    
0000008a  ADC12MCTL10                   
0000008b  ADC12MCTL11                   
0000008c  ADC12MCTL12                   
0000008d  ADC12MCTL13                   
0000008e  ADC12MCTL14                   
0000008f  ADC12MCTL15                   
00000082  ADC12MCTL2                    
00000083  ADC12MCTL3                    
00000084  ADC12MCTL4                    
00000085  ADC12MCTL5                    
00000086  ADC12MCTL6                    
00000087  ADC12MCTL7                    
00000088  ADC12MCTL8                    
00000089  ADC12MCTL9                    
00000140  ADC12MEM0                     
00000142  ADC12MEM1                     
00000154  ADC12MEM10                    
00000156  ADC12MEM11                    
00000158  ADC12MEM12                    
0000015a  ADC12MEM13                    
0000015c  ADC12MEM14                    
0000015e  ADC12MEM15                    
00000144  ADC12MEM2                     
00000146  ADC12MEM3                     
00000148  ADC12MEM4                     
0000014a  ADC12MEM5                     
0000014c  ADC12MEM6                     
0000014e  ADC12MEM7                     
00000150  ADC12MEM8                     
00000152  ADC12MEM9                     
00000057  BCSCTL1                       
00000058  BCSCTL2                       
000021a6  C$$EXIT                       
00000059  CACTL1                        
0000005a  CACTL2                        
0000005b  CAPD                          
0000200c  Clock_Init                    
000001c0  DAC12_0CTL                    
000001c8  DAC12_0DAT                    
000001c2  DAC12_1CTL                    
000001ca  DAC12_1DAT                    
00000056  DCOCTL                        
000001e0  DMA0CTL                       
000001e4  DMA0DA                        
000001e2  DMA0SA                        
000001e6  DMA0SZ                        
000001e8  DMA1CTL                       
000001ec  DMA1DA                        
000001ea  DMA1SA                        
000001ee  DMA1SZ                        
000001f0  DMA2CTL                       
000001f4  DMA2DA                        
000001f2  DMA2SA                        
000001f6  DMA2SZ                        
00000122  DMACTL0                       
00000124  DMACTL1                       
00000128  FCTL1                         
0000012a  FCTL2                         
0000012c  FCTL3                         
00000072  I2CDCTL                       
00000076  I2CDRB                        
00000076  I2CDRW                        
00000050  I2CIE                         
00000051  I2CIFG                        
0000011c  I2CIV                         
00000052  I2CNDAT                       
00000118  I2COA                         
00000073  I2CPSC                        
0000011a  I2CSA                         
00000074  I2CSCLH                       
00000075  I2CSCLL                       
00000071  I2CTCTL                       
00000000  IE1                           
00000001  IE2                           
00000002  IFG1                          
00000003  IFG2                          
00000134  MAC                           
00000136  MACS                          
00000004  ME1                           
00000005  ME2                           
00000130  MPY                           
00000132  MPYS                          
00000138  OP2                           
00000022  P1DIR                         
00000025  P1IE                          
00000024  P1IES                         
00000023  P1IFG                         
00000020  P1IN                          
00000021  P1OUT                         
00000026  P1SEL                         
0000002a  P2DIR                         
0000002d  P2IE                          
0000002c  P2IES                         
0000002b  P2IFG                         
00000028  P2IN                          
00000029  P2OUT                         
0000002e  P2SEL                         
0000001a  P3DIR                         
00000018  P3IN                          
00000019  P3OUT                         
0000001b  P3SEL                         
0000001e  P4DIR                         
0000001c  P4IN                          
0000001d  P4OUT                         
0000001f  P4SEL                         
00000032  P5DIR                         
00000030  P5IN                          
00000031  P5OUT                         
00000033  P5SEL                         
00000036  P6DIR                         
00000034  P6IN                          
00000035  P6OUT                         
00000037  P6SEL                         
0000013c  RESHI                         
0000013a  RESLO                         
0000013e  SUMEXT                        
00000055  SVSCTL                        
00000172  TACCR0                        
00000174  TACCR1                        
00000176  TACCR2                        
00000162  TACCTL0                       
00000164  TACCTL1                       
00000166  TACCTL2                       
00000160  TACTL                         
0000012e  TAIV                          
00000170  TAR                           
00000192  TBCCR0                        
00000194  TBCCR1                        
00000196  TBCCR2                        
00000198  TBCCR3                        
0000019a  TBCCR4                        
0000019c  TBCCR5                        
0000019e  TBCCR6                        
00000182  TBCCTL0                       
00000184  TBCCTL1                       
00000186  TBCCTL2                       
00000188  TBCCTL3                       
0000018a  TBCCTL4                       
0000018c  TBCCTL5                       
0000018e  TBCCTL6                       
00000180  TBCTL                         
0000011e  TBIV                          
00000190  TBR                           
00000074  U0BR0                         
00000075  U0BR1                         
00000070  U0CTL                         
00000073  U0MCTL                        
00000072  U0RCTL                        
00000076  U0RXBUF                       
00000071  U0TCTL                        
00000077  U0TXBUF                       
0000007c  U1BR0                         
0000007d  U1BR1                         
00000078  U1CTL                         
0000007b  U1MCTL                        
0000007a  U1RCTL                        
0000007e  U1RXBUF                       
00000079  U1TCTL                        
0000007f  U1TXBUF                       
00000120  WDTCTL                        
00000a00  __STACK_END                   
00000050  __STACK_SIZE                  
000021bc  __TI_CINIT_Base               
000021c0  __TI_CINIT_Limit              
000021b8  __TI_Handler_Table_Base       
000021bc  __TI_Handler_Table_Limit      
00002198  __TI_ISR_TRAP                 
00001f12  __TI_auto_init_nobinit_nopinit
00001d2e  __TI_decompress_lzss          
00002152  __TI_decompress_none          
00001100  __TI_frcdivd                  
00001578  __TI_frcmpyd                  
0000ffe0  __TI_int00                    
0000ffe2  __TI_int01                    
0000ffe4  __TI_int02                    
0000ffe6  __TI_int03                    
0000ffe8  __TI_int04                    
0000ffea  __TI_int05                    
0000ffec  __TI_int06                    
0000ffee  __TI_int07                    
0000fff0  __TI_int08                    
0000fff2  __TI_int09                    
0000fff4  __TI_int10                    
0000fff6  __TI_int11                    
0000fff8  __TI_int12                    
0000fffa  __TI_int13                    
0000fffc  __TI_int14                    
ffffffff  __TI_pprof_out_hndl           
ffffffff  __TI_prof_data_size           
ffffffff  __TI_prof_data_start          
ffffffff  __c_args__                    
00001a6c  __mspabi_divd                 
00002140  __mspabi_fixdu                
00001daa  __mspabi_fixdul               
000021a0  __mspabi_fltud                
00001ca4  __mspabi_fltuld               
00002194  __mspabi_func_epilog_1        
00002192  __mspabi_func_epilog_2        
00002190  __mspabi_func_epilog_3        
0000218e  __mspabi_func_epilog_4        
0000218c  __mspabi_func_epilog_5        
0000218a  __mspabi_func_epilog_6        
00002188  __mspabi_func_epilog_7        
000017fe  __mspabi_mpyd                 
0000212c  __mspabi_mpyi_hw              
00002068  __mspabi_mpyl_hw              
000020c2  __mspabi_slli                 
000020ea  __mspabi_slli_1               
000020d8  __mspabi_slli_10              
000020d6  __mspabi_slli_11              
000020d4  __mspabi_slli_12              
000020d2  __mspabi_slli_13              
000020d0  __mspabi_slli_14              
000020ce  __mspabi_slli_15              
000020e8  __mspabi_slli_2               
000020e6  __mspabi_slli_3               
000020e4  __mspabi_slli_4               
000020e2  __mspabi_slli_5               
000020e0  __mspabi_slli_6               
000020de  __mspabi_slli_7               
000020dc  __mspabi_slli_8               
000020da  __mspabi_slli_9               
00001fca  __mspabi_slll_1               
00001fa6  __mspabi_slll_10              
00001fa2  __mspabi_slll_11              
00001f9e  __mspabi_slll_12              
00001f9a  __mspabi_slll_13              
00001f96  __mspabi_slll_14              
00001f92  __mspabi_slll_15              
00001fc6  __mspabi_slll_2               
00001fc2  __mspabi_slll_3               
00001fbe  __mspabi_slll_4               
00001fba  __mspabi_slll_5               
00001fb6  __mspabi_slll_6               
00001fb2  __mspabi_slll_7               
00001fae  __mspabi_slll_8               
00001faa  __mspabi_slll_9               
00002096  __mspabi_srai                 
000020be  __mspabi_srai_1               
000020ac  __mspabi_srai_10              
000020aa  __mspabi_srai_11              
000020a8  __mspabi_srai_12              
000020a6  __mspabi_srai_13              
000020a4  __mspabi_srai_14              
000020a2  __mspabi_srai_15              
000020bc  __mspabi_srai_2               
000020ba  __mspabi_srai_3               
000020b8  __mspabi_srai_4               
000020b6  __mspabi_srai_5               
000020b4  __mspabi_srai_6               
000020b2  __mspabi_srai_7               
000020b0  __mspabi_srai_8               
000020ae  __mspabi_srai_9               
00001f8c  __mspabi_sral_1               
00001f68  __mspabi_sral_10              
00001f64  __mspabi_sral_11              
00001f60  __mspabi_sral_12              
00001f5c  __mspabi_sral_13              
00001f58  __mspabi_sral_14              
00001f54  __mspabi_sral_15              
00001f88  __mspabi_sral_2               
00001f84  __mspabi_sral_3               
00001f80  __mspabi_sral_4               
00001f7c  __mspabi_sral_5               
00001f78  __mspabi_sral_6               
00001f74  __mspabi_sral_7               
00001f70  __mspabi_sral_8               
00001f6c  __mspabi_sral_9               
00001ec6  __mspabi_srli                 
00001f0c  __mspabi_srli_1               
00001ee8  __mspabi_srli_10              
00001ee4  __mspabi_srli_11              
00001ee0  __mspabi_srli_12              
00001edc  __mspabi_srli_13              
00001ed8  __mspabi_srli_14              
00001ed4  __mspabi_srli_15              
00001f08  __mspabi_srli_2               
00001f04  __mspabi_srli_3               
00001f00  __mspabi_srli_4               
00001efc  __mspabi_srli_5               
00001ef8  __mspabi_srli_6               
00001ef4  __mspabi_srli_7               
00001ef0  __mspabi_srli_8               
00001eec  __mspabi_srli_9               
00002164  __mspabi_srll                 
00001e72  __mspabi_srll_1               
00001e3c  __mspabi_srll_10              
00001e36  __mspabi_srll_11              
00001e30  __mspabi_srll_12              
00001e2a  __mspabi_srll_13              
00001e24  __mspabi_srll_14              
00001e1e  __mspabi_srll_15              
00001e6c  __mspabi_srll_2               
00001e66  __mspabi_srll_3               
00001e60  __mspabi_srll_4               
00001e5a  __mspabi_srll_5               
00001e54  __mspabi_srll_6               
00001e4e  __mspabi_srll_7               
00001e48  __mspabi_srll_8               
00001e42  __mspabi_srll_9               
00002110  _c_int00_noargs               
0000fffe  _reset_vector                 
000009b0  _stack                        
000021b0  _system_post_cinit            
000021ac  _system_pre_init              
00000200  a                             
000021a6  abort                         
0000203a  keys                          
00001fd0  main                          
00002176  memcpy                        
000020ee  port1_init                    
00001e7a  pwm                           


GLOBAL SYMBOLS: SORTED BY Symbol Address 

address   name                          
-------   ----                          
00000000  IE1                           
00000001  IE2                           
00000002  IFG1                          
00000003  IFG2                          
00000004  ME1                           
00000005  ME2                           
00000018  P3IN                          
00000019  P3OUT                         
0000001a  P3DIR                         
0000001b  P3SEL                         
0000001c  P4IN                          
0000001d  P4OUT                         
0000001e  P4DIR                         
0000001f  P4SEL                         
00000020  P1IN                          
00000021  P1OUT                         
00000022  P1DIR                         
00000023  P1IFG                         
00000024  P1IES                         
00000025  P1IE                          
00000026  P1SEL                         
00000028  P2IN                          
00000029  P2OUT                         
0000002a  P2DIR                         
0000002b  P2IFG                         
0000002c  P2IES                         
0000002d  P2IE                          
0000002e  P2SEL                         
00000030  P5IN                          
00000031  P5OUT                         
00000032  P5DIR                         
00000033  P5SEL                         
00000034  P6IN                          
00000035  P6OUT                         
00000036  P6DIR                         
00000037  P6SEL                         
00000050  I2CIE                         
00000050  __STACK_SIZE                  
00000051  I2CIFG                        
00000052  I2CNDAT                       
00000055  SVSCTL                        
00000056  DCOCTL                        
00000057  BCSCTL1                       
00000058  BCSCTL2                       
00000059  CACTL1                        
0000005a  CACTL2                        
0000005b  CAPD                          
00000070  U0CTL                         
00000071  I2CTCTL                       
00000071  U0TCTL                        
00000072  I2CDCTL                       
00000072  U0RCTL                        
00000073  I2CPSC                        
00000073  U0MCTL                        
00000074  I2CSCLH                       
00000074  U0BR0                         
00000075  I2CSCLL                       
00000075  U0BR1                         
00000076  I2CDRB                        
00000076  I2CDRW                        
00000076  U0RXBUF                       
00000077  U0TXBUF                       
00000078  U1CTL                         
00000079  U1TCTL                        
0000007a  U1RCTL                        
0000007b  U1MCTL                        
0000007c  U1BR0                         
0000007d  U1BR1                         
0000007e  U1RXBUF                       
0000007f  U1TXBUF                       
00000080  ADC12MCTL0                    
00000081  ADC12MCTL1                    
00000082  ADC12MCTL2                    
00000083  ADC12MCTL3                    
00000084  ADC12MCTL4                    
00000085  ADC12MCTL5                    
00000086  ADC12MCTL6                    
00000087  ADC12MCTL7                    
00000088  ADC12MCTL8                    
00000089  ADC12MCTL9                    
0000008a  ADC12MCTL10                   
0000008b  ADC12MCTL11                   
0000008c  ADC12MCTL12                   
0000008d  ADC12MCTL13                   
0000008e  ADC12MCTL14                   
0000008f  ADC12MCTL15                   
00000118  I2COA                         
0000011a  I2CSA                         
0000011c  I2CIV                         
0000011e  TBIV                          
00000120  WDTCTL                        
00000122  DMACTL0                       
00000124  DMACTL1                       
00000128  FCTL1                         
0000012a  FCTL2                         
0000012c  FCTL3                         
0000012e  TAIV                          
00000130  MPY                           
00000132  MPYS                          
00000134  MAC                           
00000136  MACS                          
00000138  OP2                           
0000013a  RESLO                         
0000013c  RESHI                         
0000013e  SUMEXT                        
00000140  ADC12MEM0                     
00000142  ADC12MEM1                     
00000144  ADC12MEM2                     
00000146  ADC12MEM3                     
00000148  ADC12MEM4                     
0000014a  ADC12MEM5                     
0000014c  ADC12MEM6                     
0000014e  ADC12MEM7                     
00000150  ADC12MEM8                     
00000152  ADC12MEM9                     
00000154  ADC12MEM10                    
00000156  ADC12MEM11                    
00000158  ADC12MEM12                    
0000015a  ADC12MEM13                    
0000015c  ADC12MEM14                    
0000015e  ADC12MEM15                    
00000160  TACTL                         
00000162  TACCTL0                       
00000164  TACCTL1                       
00000166  TACCTL2                       
00000170  TAR                           
00000172  TACCR0                        
00000174  TACCR1                        
00000176  TACCR2                        
00000180  TBCTL                         
00000182  TBCCTL0                       
00000184  TBCCTL1                       
00000186  TBCCTL2                       
00000188  TBCCTL3                       
0000018a  TBCCTL4                       
0000018c  TBCCTL5                       
0000018e  TBCCTL6                       
00000190  TBR                           
00000192  TBCCR0                        
00000194  TBCCR1                        
00000196  TBCCR2                        
00000198  TBCCR3                        
0000019a  TBCCR4                        
0000019c  TBCCR5                        
0000019e  TBCCR6                        
000001a0  ADC12CTL0                     
000001a2  ADC12CTL1                     
000001a4  ADC12IFG                      
000001a6  ADC12IE                       
000001a8  ADC12IV                       
000001c0  DAC12_0CTL                    
000001c2  DAC12_1CTL                    
000001c8  DAC12_0DAT                    
000001ca  DAC12_1DAT                    
000001e0  DMA0CTL                       
000001e2  DMA0SA                        
000001e4  DMA0DA                        
000001e6  DMA0SZ                        
000001e8  DMA1CTL                       
000001ea  DMA1SA                        
000001ec  DMA1DA                        
000001ee  DMA1SZ                        
000001f0  DMA2CTL                       
000001f2  DMA2SA                        
000001f4  DMA2DA                        
000001f6  DMA2SZ                        
00000200  a                             
000009b0  _stack                        
00000a00  __STACK_END                   
00001100  __TI_frcdivd                  
00001578  __TI_frcmpyd                  
000017fe  __mspabi_mpyd                 
00001a6c  __mspabi_divd                 
00001ca4  __mspabi_fltuld               
00001d2e  __TI_decompress_lzss          
00001daa  __mspabi_fixdul               
00001e1e  __mspabi_srll_15              
00001e24  __mspabi_srll_14              
00001e2a  __mspabi_srll_13              
00001e30  __mspabi_srll_12              
00001e36  __mspabi_srll_11              
00001e3c  __mspabi_srll_10              
00001e42  __mspabi_srll_9               
00001e48  __mspabi_srll_8               
00001e4e  __mspabi_srll_7               
00001e54  __mspabi_srll_6               
00001e5a  __mspabi_srll_5               
00001e60  __mspabi_srll_4               
00001e66  __mspabi_srll_3               
00001e6c  __mspabi_srll_2               
00001e72  __mspabi_srll_1               
00001e7a  pwm                           
00001ec6  __mspabi_srli                 
00001ed4  __mspabi_srli_15              
00001ed8  __mspabi_srli_14              
00001edc  __mspabi_srli_13              
00001ee0  __mspabi_srli_12              
00001ee4  __mspabi_srli_11              
00001ee8  __mspabi_srli_10              
00001eec  __mspabi_srli_9               
00001ef0  __mspabi_srli_8               
00001ef4  __mspabi_srli_7               
00001ef8  __mspabi_srli_6               
00001efc  __mspabi_srli_5               
00001f00  __mspabi_srli_4               
00001f04  __mspabi_srli_3               
00001f08  __mspabi_srli_2               
00001f0c  __mspabi_srli_1               
00001f12  __TI_auto_init_nobinit_nopinit
00001f54  __mspabi_sral_15              
00001f58  __mspabi_sral_14              
00001f5c  __mspabi_sral_13              
00001f60  __mspabi_sral_12              
00001f64  __mspabi_sral_11              
00001f68  __mspabi_sral_10              
00001f6c  __mspabi_sral_9               
00001f70  __mspabi_sral_8               
00001f74  __mspabi_sral_7               
00001f78  __mspabi_sral_6               
00001f7c  __mspabi_sral_5               
00001f80  __mspabi_sral_4               
00001f84  __mspabi_sral_3               
00001f88  __mspabi_sral_2               
00001f8c  __mspabi_sral_1               
00001f92  __mspabi_slll_15              
00001f96  __mspabi_slll_14              
00001f9a  __mspabi_slll_13              
00001f9e  __mspabi_slll_12              
00001fa2  __mspabi_slll_11              
00001fa6  __mspabi_slll_10              
00001faa  __mspabi_slll_9               
00001fae  __mspabi_slll_8               
00001fb2  __mspabi_slll_7               
00001fb6  __mspabi_slll_6               
00001fba  __mspabi_slll_5               
00001fbe  __mspabi_slll_4               
00001fc2  __mspabi_slll_3               
00001fc6  __mspabi_slll_2               
00001fca  __mspabi_slll_1               
00001fd0  main                          
0000200c  Clock_Init                    
0000203a  keys                          
00002068  __mspabi_mpyl_hw              
00002096  __mspabi_srai                 
000020a2  __mspabi_srai_15              
000020a4  __mspabi_srai_14              
000020a6  __mspabi_srai_13              
000020a8  __mspabi_srai_12              
000020aa  __mspabi_srai_11              
000020ac  __mspabi_srai_10              
000020ae  __mspabi_srai_9               
000020b0  __mspabi_srai_8               
000020b2  __mspabi_srai_7               
000020b4  __mspabi_srai_6               
000020b6  __mspabi_srai_5               
000020b8  __mspabi_srai_4               
000020ba  __mspabi_srai_3               
000020bc  __mspabi_srai_2               
000020be  __mspabi_srai_1               
000020c2  __mspabi_slli                 
000020ce  __mspabi_slli_15              
000020d0  __mspabi_slli_14              
000020d2  __mspabi_slli_13              
000020d4  __mspabi_slli_12              
000020d6  __mspabi_slli_11              
000020d8  __mspabi_slli_10              
000020da  __mspabi_slli_9               
000020dc  __mspabi_slli_8               
000020de  __mspabi_slli_7               
000020e0  __mspabi_slli_6               
000020e2  __mspabi_slli_5               
000020e4  __mspabi_slli_4               
000020e6  __mspabi_slli_3               
000020e8  __mspabi_slli_2               
000020ea  __mspabi_slli_1               
000020ee  port1_init                    
00002110  _c_int00_noargs               
0000212c  __mspabi_mpyi_hw              
00002140  __mspabi_fixdu                
00002152  __TI_decompress_none          
00002164  __mspabi_srll                 
00002176  memcpy                        
00002188  __mspabi_func_epilog_7        
0000218a  __mspabi_func_epilog_6        
0000218c  __mspabi_func_epilog_5        
0000218e  __mspabi_func_epilog_4        
00002190  __mspabi_func_epilog_3        
00002192  __mspabi_func_epilog_2        
00002194  __mspabi_func_epilog_1        
00002198  __TI_ISR_TRAP                 
000021a0  __mspabi_fltud                
000021a6  C$$EXIT                       
000021a6  abort                         
000021ac  _system_pre_init              
000021b0  _system_post_cinit            
000021b8  __TI_Handler_Table_Base       
000021bc  __TI_CINIT_Base               
000021bc  __TI_Handler_Table_Limit      
000021c0  __TI_CINIT_Limit              
0000ffe0  __TI_int00                    
0000ffe2  __TI_int01                    
0000ffe4  __TI_int02                    
0000ffe6  __TI_int03                    
0000ffe8  __TI_int04                    
0000ffea  __TI_int05                    
0000ffec  __TI_int06                    
0000ffee  __TI_int07                    
0000fff0  __TI_int08                    
0000fff2  __TI_int09                    
0000fff4  __TI_int10                    
0000fff6  __TI_int11                    
0000fff8  __TI_int12                    
0000fffa  __TI_int13                    
0000fffc  __TI_int14                    
0000fffe  _reset_vector                 
ffffffff  __TI_pprof_out_hndl           
ffffffff  __TI_prof_data_size           
ffffffff  __TI_prof_data_start          
ffffffff  __c_args__                    

[319 symbols]
