******************************************************************************
                  MSP430 Linker PC v18.1.3                     
******************************************************************************
>> Linked Sat Nov 17 22:52:27 2018

OUTPUT FILE NAME:   <bisai3.out>
ENTRY POINT SYMBOL: "_c_int00_noargs"  address: 0000496a


MEMORY CONFIGURATION

         name            origin    length      used     unused   attr    fill
----------------------  --------  ---------  --------  --------  ----  --------
  SFR                   00000000   00000010  00000000  00000010  RWIX
  PERIPHERALS_8BIT      00000010   000000f0  00000000  000000f0  RWIX
  PERIPHERALS_16BIT     00000100   00000100  00000000  00000100  RWIX
  RAM                   00000200   00000800  00000073  0000078d  RWIX
  INFOB                 00001000   00000080  00000000  00000080  RWIX
  INFOA                 00001080   00000080  00000000  00000080  RWIX
  FLASH                 00001100   0000eee0  000039a4  0000b53c  RWIX
  INT00                 0000ffe0   00000002  00000002  00000000  RWIX
  INT01                 0000ffe2   00000002  00000002  00000000  RWIX
  INT02                 0000ffe4   00000002  00000002  00000000  RWIX
  INT03                 0000ffe6   00000002  00000002  00000000  RWIX
  INT04                 0000ffe8   00000002  00000002  00000000  RWIX
  INT05                 0000ffea   00000002  00000002  00000000  RWIX
  INT06                 0000ffec   00000002  00000002  00000000  RWIX
  INT07                 0000ffee   00000002  00000002  00000000  RWIX
  INT08                 0000fff0   00000002  00000002  00000000  RWIX
  INT09                 0000fff2   00000002  00000002  00000000  RWIX
  INT10                 0000fff4   00000002  00000002  00000000  RWIX
  INT11                 0000fff6   00000002  00000002  00000000  RWIX
  INT12                 0000fff8   00000002  00000002  00000000  RWIX
  INT13                 0000fffa   00000002  00000002  00000000  RWIX
  INT14                 0000fffc   00000002  00000002  00000000  RWIX
  RESET                 0000fffe   00000002  00000002  00000000  RWIX


SECTION ALLOCATION MAP

 output                                  attributes/
section   page    origin      length       input sections
--------  ----  ----------  ----------   ----------------
.data      0    00000200    00000014     UNINITIALIZED
                  00000200    00000012     main.obj (.data)
                  00000212    00000002     rts430_eabi.lib : errno.c.obj (.data)

.bss       0    00000214    0000000f     UNINITIALIZED
                  00000214    0000000a     (.common:data)
                  0000021e    00000004     (.common:byte)
                  00000222    00000001     (.common:keyval)

.stack     0    000009b0    00000050     UNINITIALIZED
                  000009b0    00000002     rts430_eabi.lib : boot.c.obj (.stack)
                  000009b2    0000004e     --HOLE--

.text      0    00001100    00003958     
                  00001100    00001162     rts430_eabi.lib : e_pow.c.obj (.text:pow)
                  00002262    000008bc     main.obj (.text:key_cal)
                  00002b1e    00000478     rts430_eabi.lib : frcdivd.c.obj (.text:__TI_frcdivd)
                  00002f96    000002fa                     : addd.c.obj (.text:__mspabi_addd)
                  00003290    000002f8                     : e_sqrt.c.obj (.text:sqrt)
                  00003588    00000286                     : frcmpyd.c.obj (.text:__TI_frcmpyd)
                  0000380e    0000026e                     : mpyd.c.obj (.text:__mspabi_mpyd)
                  00003a7c    00000260                     : frcaddd.c.obj (.text:__TI_frcaddd)
                  00003cdc    00000238                     : divd.c.obj (.text:__mspabi_divd)
                  00003f14    0000016a                     : s_scalbn.c.obj (.text:scalbn)
                  0000407e    00000132                     : fs_add.asm.obj (.text)
                  000041b0    000000dc                     : cmpd.c.obj (.text:__mspabi_cmpd)
                  0000428c    000000be                     : renormd.c.obj (.text:__TI_renormd)
                  0000434a    000000ac                     : fltlid.c.obj (.text:__mspabi_fltlid)
                  000043f6    0000008c                     : cvtdf.c.obj (.text:__mspabi_cvtdf)
                  00004482    0000008a                     : fltuld.c.obj (.text:__mspabi_fltuld)
                  0000450c    0000007c                     : copy_decompress_lzss.c.obj (.text:decompress:lzss:__TI_decompress_lzss)
                  00004588    00000072                     : cvtfd.c.obj (.text:__mspabi_cvtfd)
                  000045fa    0000005c                     : lsr32.asm.obj (.text:l_lsr_const)
                  00004656    0000004c                     : lsr16.asm.obj (.text)
                  000046a2    0000004a     UART.obj (.text:UART_Init)
                  000046ec    00000042     rts430_eabi.lib : autoinit.c.obj (.text:__TI_auto_init_nobinit_nopinit:__TI_auto_init_nobinit_nopinit)
                  0000472e    0000003e                     : asr32.asm.obj (.text:l_asr_const)
                  0000476c    0000003e                     : lsl32.asm.obj (.text:l_lsl_const)
                  000047aa    00000032                     : fs_ultof.asm.obj (.text)
                  000047dc    0000002e     main.obj (.text:Clock_Init)
                  0000480a    0000002e     rts430_eabi.lib : subd.c.obj (.text:__mspabi_subd)
                  00004838    0000002e                     : s_copysign.c.obj (.text:copysign)
                  00004866    0000002e     main.obj (.text:data_init)
                  00004894    0000002e     rts430_eabi.lib : mult32_hw.asm.obj (.text)
                  000048c2    0000002c                     : asr16.asm.obj (.text)
                  000048ee    0000002c                     : lsl16.asm.obj (.text)
                  0000491a    0000002a                     : negd.c.obj (.text:__mspabi_negd)
                  00004944    00000026     main.obj (.text:main)
                  0000496a    0000001c     rts430_eabi.lib : boot.c.obj (.text:_c_int00_noargs)
                  00004986    0000001c     main.obj (.text:keyboard_init)
                  000049a2    00000014     rts430_eabi.lib : copy_zero_init.c.obj (.text:decompress:ZI:__TI_zero_init_nomemset:__TI_zero_init_nomemset)
                  000049b6    00000014                     : mult16_hw.asm.obj (.text)
                  000049ca    00000012                     : copy_decompress_none.c.obj (.text:decompress:none:__TI_decompress_none)
                  000049dc    00000012                     : lsr32.asm.obj (.text:l_lsr)
                  000049ee    00000012                     : memcpy.c.obj (.text:memcpy)
                  00004a00    00000010                     : asr32.asm.obj (.text:l_asr)
                  00004a10    00000010                     : lsl32.asm.obj (.text:l_lsl)
                  00004a20    00000010                     : epilog.asm.obj (.text)
                  00004a30    0000000e     UART.obj (.text:Send_Byte)
                  00004a3e    00000008     rts430_eabi.lib : isr_trap.asm.obj (.text:_isr:__TI_ISR_TRAP)
                  00004a46    00000006                     : fltud.c.obj (.text:__mspabi_fltud)
                  00004a4c    00000006                     : exit.c.obj (.text:abort)
                  00004a52    00000004                     : pre_init.c.obj (.text:_system_pre_init)
                  00004a56    00000002                     : startup.c.obj (.text:_system_post_cinit)

.const     0    00004a58    00000030     
                  00004a58    00000010     rts430_eabi.lib : e_pow.c.obj (.const:bp)
                  00004a68    00000010                     : e_pow.c.obj (.const:dp_h)
                  00004a78    00000010                     : e_pow.c.obj (.const:dp_l)

.cinit     0    00004a88    0000001c     
                  00004a88    0000000a     (.cinit..data.load) [load image, compression = lzss]
                  00004a92    00000006     (__TI_handler_table)
                  00004a98    00000004     (.cinit..bss.load) [load image, compression = zero_init]
                  00004a9c    00000008     (__TI_cinit_table)

.binit     0    00001100    00000000     

.init_array 
*          0    00001100    00000000     UNINITIALIZED

DACDMA     0    0000ffe0    00000002     
                  0000ffe0    00000002     rts430_eabi.lib : int00.asm.obj (.int00)

PORT2      0    0000ffe2    00000002     
                  0000ffe2    00000002     rts430_eabi.lib : int01.asm.obj (.int01)

USART1TX   0    0000ffe4    00000002     
                  0000ffe4    00000002     rts430_eabi.lib : int02.asm.obj (.int02)

USART1RX   0    0000ffe6    00000002     
                  0000ffe6    00000002     rts430_eabi.lib : int03.asm.obj (.int03)

PORT1      0    0000ffe8    00000002     
                  0000ffe8    00000002     main.obj (.int04)

TIMERA1    0    0000ffea    00000002     
                  0000ffea    00000002     rts430_eabi.lib : int05.asm.obj (.int05)

TIMERA0    0    0000ffec    00000002     
                  0000ffec    00000002     rts430_eabi.lib : int06.asm.obj (.int06)

ADC12      0    0000ffee    00000002     
                  0000ffee    00000002     rts430_eabi.lib : int07.asm.obj (.int07)

USART0TX   0    0000fff0    00000002     
                  0000fff0    00000002     rts430_eabi.lib : int08.asm.obj (.int08)

USART0RX   0    0000fff2    00000002     
                  0000fff2    00000002     rts430_eabi.lib : int09.asm.obj (.int09)

WDT        0    0000fff4    00000002     
                  0000fff4    00000002     rts430_eabi.lib : int10.asm.obj (.int10)

COMPARATORA 
*          0    0000fff6    00000002     
                  0000fff6    00000002     rts430_eabi.lib : int11.asm.obj (.int11)

TIMERB1    0    0000fff8    00000002     
                  0000fff8    00000002     rts430_eabi.lib : int12.asm.obj (.int12)

TIMERB0    0    0000fffa    00000002     
                  0000fffa    00000002     rts430_eabi.lib : int13.asm.obj (.int13)

NMI        0    0000fffc    00000002     
                  0000fffc    00000002     rts430_eabi.lib : int14.asm.obj (.int14)

.reset     0    0000fffe    00000002     
                  0000fffe    00000002     rts430_eabi.lib : boot.c.obj (.reset)

MODULE SUMMARY

       Module                       code    ro data   rw data
       ------                       ----    -------   -------
    .\
       main.obj                     2394    2         33     
       UART.obj                     88      0         0      
    +--+----------------------------+-------+---------+---------+
       Total:                       2482    2         33     
                                                             
    C:\ti\ccsv8\tools\compiler\ti-cgt-msp430_18.1.3.LTS\lib\rts430_eabi.lib
       e_pow.c.obj                  4450    48        0      
       frcdivd.c.obj                1144    0         0      
       addd.c.obj                   762     0         0      
       e_sqrt.c.obj                 760     0         0      
       frcmpyd.c.obj                646     0         0      
       mpyd.c.obj                   622     0         0      
       frcaddd.c.obj                608     0         0      
       divd.c.obj                   568     0         0      
       s_scalbn.c.obj               362     0         0      
       fs_add.asm.obj               306     0         0      
       cmpd.c.obj                   220     0         0      
       renormd.c.obj                190     0         0      
       fltlid.c.obj                 172     0         0      
       cvtdf.c.obj                  140     0         0      
       fltuld.c.obj                 138     0         0      
       copy_decompress_lzss.c.obj   124     0         0      
       cvtfd.c.obj                  114     0         0      
       lsr32.asm.obj                110     0         0      
       asr32.asm.obj                78      0         0      
       lsl32.asm.obj                78      0         0      
       lsr16.asm.obj                76      0         0      
       autoinit.c.obj               66      0         0      
       fs_ultof.asm.obj             50      0         0      
       mult32_hw.asm.obj            46      0         0      
       s_copysign.c.obj             46      0         0      
       subd.c.obj                   46      0         0      
       asr16.asm.obj                44      0         0      
       lsl16.asm.obj                44      0         0      
       negd.c.obj                   42      0         0      
       boot.c.obj                   28      2         0      
       copy_zero_init.c.obj         20      0         0      
       mult16_hw.asm.obj            20      0         0      
       copy_decompress_none.c.obj   18      0         0      
       memcpy.c.obj                 18      0         0      
       epilog.asm.obj               16      0         0      
       isr_trap.asm.obj             8       0         0      
       exit.c.obj                   6       0         0      
       fltud.c.obj                  6       0         0      
       pre_init.c.obj               4       0         0      
       errno.c.obj                  0       0         2      
       int00.asm.obj                0       2         0      
       int01.asm.obj                0       2         0      
       int02.asm.obj                0       2         0      
       int03.asm.obj                0       2         0      
       int05.asm.obj                0       2         0      
       int06.asm.obj                0       2         0      
       int07.asm.obj                0       2         0      
       int08.asm.obj                0       2         0      
       int09.asm.obj                0       2         0      
       int10.asm.obj                0       2         0      
       int11.asm.obj                0       2         0      
       int12.asm.obj                0       2         0      
       int13.asm.obj                0       2         0      
       int14.asm.obj                0       2         0      
       startup.c.obj                2       0         0      
    +--+----------------------------+-------+---------+---------+
       Total:                       12198   78        2      
                                                             
       Stack:                       0       0         80     
       Linker Generated:            0       28        0      
    +--+----------------------------+-------+---------+---------+
       Grand Total:                 14680   108       115    


LINKER GENERATED COPY TABLES

__TI_cinit_table @ 00004a9c records: 2, size/record: 4, table size: 8
	.data: load addr=00004a88, load size=0000000a bytes, run addr=00000200, run size=00000014 bytes, compression=lzss
	.bss: load addr=00004a98, load size=00000004 bytes, run addr=00000214, run size=0000000f bytes, compression=zero_init


LINKER GENERATED HANDLER TABLE

__TI_handler_table @ 00004a92 records: 3, size/record: 2, table size: 6
	index: 0, handler: __TI_zero_init
	index: 1, handler: __TI_decompress_lzss
	index: 2, handler: __TI_decompress_none


GLOBAL SYMBOLS: SORTED ALPHABETICALLY BY Name 

address   name                          
-------   ----                          
000001a0  ADC12CTL0                     
000001a2  ADC12CTL1                     
000001a6  ADC12IE                       
000001a4  ADC12IFG                      
000001a8  ADC12IV                       
00000080  ADC12MCTL0                    
00000081  ADC12MCTL1                    
0000008a  ADC12MCTL10                   
0000008b  ADC12MCTL11                   
0000008c  ADC12MCTL12                   
0000008d  ADC12MCTL13                   
0000008e  ADC12MCTL14                   
0000008f  ADC12MCTL15                   
00000082  ADC12MCTL2                    
00000083  ADC12MCTL3                    
00000084  ADC12MCTL4                    
00000085  ADC12MCTL5                    
00000086  ADC12MCTL6                    
00000087  ADC12MCTL7                    
00000088  ADC12MCTL8                    
00000089  ADC12MCTL9                    
00000140  ADC12MEM0                     
00000142  ADC12MEM1                     
00000154  ADC12MEM10                    
00000156  ADC12MEM11                    
00000158  ADC12MEM12                    
0000015a  ADC12MEM13                    
0000015c  ADC12MEM14                    
0000015e  ADC12MEM15                    
00000144  ADC12MEM2                     
00000146  ADC12MEM3                     
00000148  ADC12MEM4                     
0000014a  ADC12MEM5                     
0000014c  ADC12MEM6                     
0000014e  ADC12MEM7                     
00000150  ADC12MEM8                     
00000152  ADC12MEM9                     
00000057  BCSCTL1                       
00000058  BCSCTL2                       
00004a4c  C$$EXIT                       
00000059  CACTL1                        
0000005a  CACTL2                        
0000005b  CAPD                          
00000200  Cal                           
000047dc  Clock_Init                    
000001c0  DAC12_0CTL                    
000001c8  DAC12_0DAT                    
000001c2  DAC12_1CTL                    
000001ca  DAC12_1DAT                    
00000056  DCOCTL                        
000001e0  DMA0CTL                       
000001e4  DMA0DA                        
000001e2  DMA0SA                        
000001e6  DMA0SZ                        
000001e8  DMA1CTL                       
000001ec  DMA1DA                        
000001ea  DMA1SA                        
000001ee  DMA1SZ                        
000001f0  DMA2CTL                       
000001f4  DMA2DA                        
000001f2  DMA2SA                        
000001f6  DMA2SZ                        
00000122  DMACTL0                       
00000124  DMACTL1                       
00000128  FCTL1                         
0000012a  FCTL2                         
0000012c  FCTL3                         
00000072  I2CDCTL                       
00000076  I2CDRB                        
00000076  I2CDRW                        
00000050  I2CIE                         
00000051  I2CIFG                        
0000011c  I2CIV                         
00000052  I2CNDAT                       
00000118  I2COA                         
00000073  I2CPSC                        
0000011a  I2CSA                         
00000074  I2CSCLH                       
00000075  I2CSCLL                       
00000071  I2CTCTL                       
00000000  IE1                           
00000001  IE2                           
00000002  IFG1                          
00000003  IFG2                          
00000134  MAC                           
00000136  MACS                          
00000004  ME1                           
00000005  ME2                           
00000130  MPY                           
00000132  MPYS                          
00000138  OP2                           
00000022  P1DIR                         
00000025  P1IE                          
00000024  P1IES                         
00000023  P1IFG                         
00000020  P1IN                          
00000021  P1OUT                         
00000026  P1SEL                         
0000002a  P2DIR                         
0000002d  P2IE                          
0000002c  P2IES                         
0000002b  P2IFG                         
00000028  P2IN                          
00000029  P2OUT                         
0000002e  P2SEL                         
0000001a  P3DIR                         
00000018  P3IN                          
00000019  P3OUT                         
0000001b  P3SEL                         
0000001e  P4DIR                         
0000001c  P4IN                          
0000001d  P4OUT                         
0000001f  P4SEL                         
00000032  P5DIR                         
00000030  P5IN                          
00000031  P5OUT                         
00000033  P5SEL                         
00000036  P6DIR                         
00000034  P6IN                          
00000035  P6OUT                         
00000037  P6SEL                         
0000013c  RESHI                         
0000013a  RESLO                         
0000013e  SUMEXT                        
00000055  SVSCTL                        
00004a30  Send_Byte                     
00000172  TACCR0                        
00000174  TACCR1                        
00000176  TACCR2                        
00000162  TACCTL0                       
00000164  TACCTL1                       
00000166  TACCTL2                       
00000160  TACTL                         
0000012e  TAIV                          
00000170  TAR                           
00000192  TBCCR0                        
00000194  TBCCR1                        
00000196  TBCCR2                        
00000198  TBCCR3                        
0000019a  TBCCR4                        
0000019c  TBCCR5                        
0000019e  TBCCR6                        
00000182  TBCCTL0                       
00000184  TBCCTL1                       
00000186  TBCCTL2                       
00000188  TBCCTL3                       
0000018a  TBCCTL4                       
0000018c  TBCCTL5                       
0000018e  TBCCTL6                       
00000180  TBCTL                         
0000011e  TBIV                          
00000190  TBR                           
00000074  U0BR0                         
00000075  U0BR1                         
00000070  U0CTL                         
00000073  U0MCTL                        
00000072  U0RCTL                        
00000076  U0RXBUF                       
00000071  U0TCTL                        
00000077  U0TXBUF                       
0000007c  U1BR0                         
0000007d  U1BR1                         
00000078  U1CTL                         
0000007b  U1MCTL                        
0000007a  U1RCTL                        
0000007e  U1RXBUF                       
00000079  U1TCTL                        
0000007f  U1TXBUF                       
000046a2  UART_Init                     
00000120  WDTCTL                        
00000a00  __STACK_END                   
00000050  __STACK_SIZE                  
00004a9c  __TI_CINIT_Base               
00004aa4  __TI_CINIT_Limit              
00004a92  __TI_Handler_Table_Base       
00004a98  __TI_Handler_Table_Limit      
00004a3e  __TI_ISR_TRAP                 
000046ec  __TI_auto_init_nobinit_nopinit
0000450c  __TI_decompress_lzss          
000049ca  __TI_decompress_none          
00003a7c  __TI_frcaddd                  
00002b1e  __TI_frcdivd                  
00003588  __TI_frcmpyd                  
0000ffe0  __TI_int00                    
0000ffe2  __TI_int01                    
0000ffe4  __TI_int02                    
0000ffe6  __TI_int03                    
0000ffe8  __TI_int04                    
0000ffea  __TI_int05                    
0000ffec  __TI_int06                    
0000ffee  __TI_int07                    
0000fff0  __TI_int08                    
0000fff2  __TI_int09                    
0000fff4  __TI_int10                    
0000fff6  __TI_int11                    
0000fff8  __TI_int12                    
0000fffa  __TI_int13                    
0000fffc  __TI_int14                    
ffffffff  __TI_pprof_out_hndl           
ffffffff  __TI_prof_data_size           
ffffffff  __TI_prof_data_start          
0000428c  __TI_renormd                  
000049a2  __TI_zero_init_nomemset       
ffffffff  __c_args__                    
00002f96  __mspabi_addd                 
00004084  __mspabi_addf                 
000041b0  __mspabi_cmpd                 
000043f6  __mspabi_cvtdf                
00004588  __mspabi_cvtfd                
00003cdc  __mspabi_divd                 
0000434a  __mspabi_fltlid               
00004a46  __mspabi_fltud                
00004482  __mspabi_fltuld               
000047aa  __mspabi_fltulf               
00004a2c  __mspabi_func_epilog_1        
00004a2a  __mspabi_func_epilog_2        
00004a28  __mspabi_func_epilog_3        
00004a26  __mspabi_func_epilog_4        
00004a24  __mspabi_func_epilog_5        
00004a22  __mspabi_func_epilog_6        
00004a20  __mspabi_func_epilog_7        
0000380e  __mspabi_mpyd                 
000049b6  __mspabi_mpyi_hw              
00004894  __mspabi_mpyl_hw              
0000491a  __mspabi_negd                 
000048ee  __mspabi_slli                 
00004916  __mspabi_slli_1               
00004904  __mspabi_slli_10              
00004902  __mspabi_slli_11              
00004900  __mspabi_slli_12              
000048fe  __mspabi_slli_13              
000048fc  __mspabi_slli_14              
000048fa  __mspabi_slli_15              
00004914  __mspabi_slli_2               
00004912  __mspabi_slli_3               
00004910  __mspabi_slli_4               
0000490e  __mspabi_slli_5               
0000490c  __mspabi_slli_6               
0000490a  __mspabi_slli_7               
00004908  __mspabi_slli_8               
00004906  __mspabi_slli_9               
00004a10  __mspabi_slll                 
000047a4  __mspabi_slll_1               
00004780  __mspabi_slll_10              
0000477c  __mspabi_slll_11              
00004778  __mspabi_slll_12              
00004774  __mspabi_slll_13              
00004770  __mspabi_slll_14              
0000476c  __mspabi_slll_15              
000047a0  __mspabi_slll_2               
0000479c  __mspabi_slll_3               
00004798  __mspabi_slll_4               
00004794  __mspabi_slll_5               
00004790  __mspabi_slll_6               
0000478c  __mspabi_slll_7               
00004788  __mspabi_slll_8               
00004784  __mspabi_slll_9               
000048c2  __mspabi_srai                 
000048ea  __mspabi_srai_1               
000048d8  __mspabi_srai_10              
000048d6  __mspabi_srai_11              
000048d4  __mspabi_srai_12              
000048d2  __mspabi_srai_13              
000048d0  __mspabi_srai_14              
000048ce  __mspabi_srai_15              
000048e8  __mspabi_srai_2               
000048e6  __mspabi_srai_3               
000048e4  __mspabi_srai_4               
000048e2  __mspabi_srai_5               
000048e0  __mspabi_srai_6               
000048de  __mspabi_srai_7               
000048dc  __mspabi_srai_8               
000048da  __mspabi_srai_9               
00004a00  __mspabi_sral                 
00004766  __mspabi_sral_1               
00004742  __mspabi_sral_10              
0000473e  __mspabi_sral_11              
0000473a  __mspabi_sral_12              
00004736  __mspabi_sral_13              
00004732  __mspabi_sral_14              
0000472e  __mspabi_sral_15              
00004762  __mspabi_sral_2               
0000475e  __mspabi_sral_3               
0000475a  __mspabi_sral_4               
00004756  __mspabi_sral_5               
00004752  __mspabi_sral_6               
0000474e  __mspabi_sral_7               
0000474a  __mspabi_sral_8               
00004746  __mspabi_sral_9               
00004656  __mspabi_srli                 
0000469c  __mspabi_srli_1               
00004678  __mspabi_srli_10              
00004674  __mspabi_srli_11              
00004670  __mspabi_srli_12              
0000466c  __mspabi_srli_13              
00004668  __mspabi_srli_14              
00004664  __mspabi_srli_15              
00004698  __mspabi_srli_2               
00004694  __mspabi_srli_3               
00004690  __mspabi_srli_4               
0000468c  __mspabi_srli_5               
00004688  __mspabi_srli_6               
00004684  __mspabi_srli_7               
00004680  __mspabi_srli_8               
0000467c  __mspabi_srli_9               
000049dc  __mspabi_srll                 
0000464e  __mspabi_srll_1               
00004618  __mspabi_srll_10              
00004612  __mspabi_srll_11              
0000460c  __mspabi_srll_12              
00004606  __mspabi_srll_13              
00004600  __mspabi_srll_14              
000045fa  __mspabi_srll_15              
00004648  __mspabi_srll_2               
00004642  __mspabi_srll_3               
0000463c  __mspabi_srll_4               
00004636  __mspabi_srll_5               
00004630  __mspabi_srll_6               
0000462a  __mspabi_srll_7               
00004624  __mspabi_srll_8               
0000461e  __mspabi_srll_9               
0000480a  __mspabi_subd                 
0000407e  __mspabi_subf                 
0000496a  _c_int00_noargs               
0000fffe  _reset_vector                 
000009b0  _stack                        
00004a56  _system_post_cinit            
00004a52  _system_pre_init              
00004a4c  abort                         
0000021e  byte                          
00000211  cishu                         
00004838  copysign                      
00004838  copysignl                     
00000214  data                          
00004866  data_init                     
00000212  errno                         
00000206  f_num                         
00000205  flag                          
0000020a  fudian_flag                   
00002262  key_cal                       
00004986  keyboard_init                 
00000222  keyval                        
00003f14  ldexp                         
00003f14  ldexpl                        
00004944  main                          
000049ee  memcpy                        
0000020b  n                             
00000204  position                      
00001100  pow                           
00001100  powl                          
00000210  reyi_flag                     
00003f14  scalbn                        
00003f14  scalbnl                       
00003290  sqrt                          
00003290  sqrtl                         
0000020c  xiaoshu                       


GLOBAL SYMBOLS: SORTED BY Symbol Address 

address   name                          
-------   ----                          
00000000  IE1                           
00000001  IE2                           
00000002  IFG1                          
00000003  IFG2                          
00000004  ME1                           
00000005  ME2                           
00000018  P3IN                          
00000019  P3OUT                         
0000001a  P3DIR                         
0000001b  P3SEL                         
0000001c  P4IN                          
0000001d  P4OUT                         
0000001e  P4DIR                         
0000001f  P4SEL                         
00000020  P1IN                          
00000021  P1OUT                         
00000022  P1DIR                         
00000023  P1IFG                         
00000024  P1IES                         
00000025  P1IE                          
00000026  P1SEL                         
00000028  P2IN                          
00000029  P2OUT                         
0000002a  P2DIR                         
0000002b  P2IFG                         
0000002c  P2IES                         
0000002d  P2IE                          
0000002e  P2SEL                         
00000030  P5IN                          
00000031  P5OUT                         
00000032  P5DIR                         
00000033  P5SEL                         
00000034  P6IN                          
00000035  P6OUT                         
00000036  P6DIR                         
00000037  P6SEL                         
00000050  I2CIE                         
00000050  __STACK_SIZE                  
00000051  I2CIFG                        
00000052  I2CNDAT                       
00000055  SVSCTL                        
00000056  DCOCTL                        
00000057  BCSCTL1                       
00000058  BCSCTL2                       
00000059  CACTL1                        
0000005a  CACTL2                        
0000005b  CAPD                          
00000070  U0CTL                         
00000071  I2CTCTL                       
00000071  U0TCTL                        
00000072  I2CDCTL                       
00000072  U0RCTL                        
00000073  I2CPSC                        
00000073  U0MCTL                        
00000074  I2CSCLH                       
00000074  U0BR0                         
00000075  I2CSCLL                       
00000075  U0BR1                         
00000076  I2CDRB                        
00000076  I2CDRW                        
00000076  U0RXBUF                       
00000077  U0TXBUF                       
00000078  U1CTL                         
00000079  U1TCTL                        
0000007a  U1RCTL                        
0000007b  U1MCTL                        
0000007c  U1BR0                         
0000007d  U1BR1                         
0000007e  U1RXBUF                       
0000007f  U1TXBUF                       
00000080  ADC12MCTL0                    
00000081  ADC12MCTL1                    
00000082  ADC12MCTL2                    
00000083  ADC12MCTL3                    
00000084  ADC12MCTL4                    
00000085  ADC12MCTL5                    
00000086  ADC12MCTL6                    
00000087  ADC12MCTL7                    
00000088  ADC12MCTL8                    
00000089  ADC12MCTL9                    
0000008a  ADC12MCTL10                   
0000008b  ADC12MCTL11                   
0000008c  ADC12MCTL12                   
0000008d  ADC12MCTL13                   
0000008e  ADC12MCTL14                   
0000008f  ADC12MCTL15                   
00000118  I2COA                         
0000011a  I2CSA                         
0000011c  I2CIV                         
0000011e  TBIV                          
00000120  WDTCTL                        
00000122  DMACTL0                       
00000124  DMACTL1                       
00000128  FCTL1                         
0000012a  FCTL2                         
0000012c  FCTL3                         
0000012e  TAIV                          
00000130  MPY                           
00000132  MPYS                          
00000134  MAC                           
00000136  MACS                          
00000138  OP2                           
0000013a  RESLO                         
0000013c  RESHI                         
0000013e  SUMEXT                        
00000140  ADC12MEM0                     
00000142  ADC12MEM1                     
00000144  ADC12MEM2                     
00000146  ADC12MEM3                     
00000148  ADC12MEM4                     
0000014a  ADC12MEM5                     
0000014c  ADC12MEM6                     
0000014e  ADC12MEM7                     
00000150  ADC12MEM8                     
00000152  ADC12MEM9                     
00000154  ADC12MEM10                    
00000156  ADC12MEM11                    
00000158  ADC12MEM12                    
0000015a  ADC12MEM13                    
0000015c  ADC12MEM14                    
0000015e  ADC12MEM15                    
00000160  TACTL                         
00000162  TACCTL0                       
00000164  TACCTL1                       
00000166  TACCTL2                       
00000170  TAR                           
00000172  TACCR0                        
00000174  TACCR1                        
00000176  TACCR2                        
00000180  TBCTL                         
00000182  TBCCTL0                       
00000184  TBCCTL1                       
00000186  TBCCTL2                       
00000188  TBCCTL3                       
0000018a  TBCCTL4                       
0000018c  TBCCTL5                       
0000018e  TBCCTL6                       
00000190  TBR                           
00000192  TBCCR0                        
00000194  TBCCR1                        
00000196  TBCCR2                        
00000198  TBCCR3                        
0000019a  TBCCR4                        
0000019c  TBCCR5                        
0000019e  TBCCR6                        
000001a0  ADC12CTL0                     
000001a2  ADC12CTL1                     
000001a4  ADC12IFG                      
000001a6  ADC12IE                       
000001a8  ADC12IV                       
000001c0  DAC12_0CTL                    
000001c2  DAC12_1CTL                    
000001c8  DAC12_0DAT                    
000001ca  DAC12_1DAT                    
000001e0  DMA0CTL                       
000001e2  DMA0SA                        
000001e4  DMA0DA                        
000001e6  DMA0SZ                        
000001e8  DMA1CTL                       
000001ea  DMA1SA                        
000001ec  DMA1DA                        
000001ee  DMA1SZ                        
000001f0  DMA2CTL                       
000001f2  DMA2SA                        
000001f4  DMA2DA                        
000001f6  DMA2SZ                        
00000200  Cal                           
00000204  position                      
00000205  flag                          
00000206  f_num                         
0000020a  fudian_flag                   
0000020b  n                             
0000020c  xiaoshu                       
00000210  reyi_flag                     
00000211  cishu                         
00000212  errno                         
00000214  data                          
0000021e  byte                          
00000222  keyval                        
000009b0  _stack                        
00000a00  __STACK_END                   
00001100  pow                           
00001100  powl                          
00002262  key_cal                       
00002b1e  __TI_frcdivd                  
00002f96  __mspabi_addd                 
00003290  sqrt                          
00003290  sqrtl                         
00003588  __TI_frcmpyd                  
0000380e  __mspabi_mpyd                 
00003a7c  __TI_frcaddd                  
00003cdc  __mspabi_divd                 
00003f14  ldexp                         
00003f14  ldexpl                        
00003f14  scalbn                        
00003f14  scalbnl                       
0000407e  __mspabi_subf                 
00004084  __mspabi_addf                 
000041b0  __mspabi_cmpd                 
0000428c  __TI_renormd                  
0000434a  __mspabi_fltlid               
000043f6  __mspabi_cvtdf                
00004482  __mspabi_fltuld               
0000450c  __TI_decompress_lzss          
00004588  __mspabi_cvtfd                
000045fa  __mspabi_srll_15              
00004600  __mspabi_srll_14              
00004606  __mspabi_srll_13              
0000460c  __mspabi_srll_12              
00004612  __mspabi_srll_11              
00004618  __mspabi_srll_10              
0000461e  __mspabi_srll_9               
00004624  __mspabi_srll_8               
0000462a  __mspabi_srll_7               
00004630  __mspabi_srll_6               
00004636  __mspabi_srll_5               
0000463c  __mspabi_srll_4               
00004642  __mspabi_srll_3               
00004648  __mspabi_srll_2               
0000464e  __mspabi_srll_1               
00004656  __mspabi_srli                 
00004664  __mspabi_srli_15              
00004668  __mspabi_srli_14              
0000466c  __mspabi_srli_13              
00004670  __mspabi_srli_12              
00004674  __mspabi_srli_11              
00004678  __mspabi_srli_10              
0000467c  __mspabi_srli_9               
00004680  __mspabi_srli_8               
00004684  __mspabi_srli_7               
00004688  __mspabi_srli_6               
0000468c  __mspabi_srli_5               
00004690  __mspabi_srli_4               
00004694  __mspabi_srli_3               
00004698  __mspabi_srli_2               
0000469c  __mspabi_srli_1               
000046a2  UART_Init                     
000046ec  __TI_auto_init_nobinit_nopinit
0000472e  __mspabi_sral_15              
00004732  __mspabi_sral_14              
00004736  __mspabi_sral_13              
0000473a  __mspabi_sral_12              
0000473e  __mspabi_sral_11              
00004742  __mspabi_sral_10              
00004746  __mspabi_sral_9               
0000474a  __mspabi_sral_8               
0000474e  __mspabi_sral_7               
00004752  __mspabi_sral_6               
00004756  __mspabi_sral_5               
0000475a  __mspabi_sral_4               
0000475e  __mspabi_sral_3               
00004762  __mspabi_sral_2               
00004766  __mspabi_sral_1               
0000476c  __mspabi_slll_15              
00004770  __mspabi_slll_14              
00004774  __mspabi_slll_13              
00004778  __mspabi_slll_12              
0000477c  __mspabi_slll_11              
00004780  __mspabi_slll_10              
00004784  __mspabi_slll_9               
00004788  __mspabi_slll_8               
0000478c  __mspabi_slll_7               
00004790  __mspabi_slll_6               
00004794  __mspabi_slll_5               
00004798  __mspabi_slll_4               
0000479c  __mspabi_slll_3               
000047a0  __mspabi_slll_2               
000047a4  __mspabi_slll_1               
000047aa  __mspabi_fltulf               
000047dc  Clock_Init                    
0000480a  __mspabi_subd                 
00004838  copysign                      
00004838  copysignl                     
00004866  data_init                     
00004894  __mspabi_mpyl_hw              
000048c2  __mspabi_srai                 
000048ce  __mspabi_srai_15              
000048d0  __mspabi_srai_14              
000048d2  __mspabi_srai_13              
000048d4  __mspabi_srai_12              
000048d6  __mspabi_srai_11              
000048d8  __mspabi_srai_10              
000048da  __mspabi_srai_9               
000048dc  __mspabi_srai_8               
000048de  __mspabi_srai_7               
000048e0  __mspabi_srai_6               
000048e2  __mspabi_srai_5               
000048e4  __mspabi_srai_4               
000048e6  __mspabi_srai_3               
000048e8  __mspabi_srai_2               
000048ea  __mspabi_srai_1               
000048ee  __mspabi_slli                 
000048fa  __mspabi_slli_15              
000048fc  __mspabi_slli_14              
000048fe  __mspabi_slli_13              
00004900  __mspabi_slli_12              
00004902  __mspabi_slli_11              
00004904  __mspabi_slli_10              
00004906  __mspabi_slli_9               
00004908  __mspabi_slli_8               
0000490a  __mspabi_slli_7               
0000490c  __mspabi_slli_6               
0000490e  __mspabi_slli_5               
00004910  __mspabi_slli_4               
00004912  __mspabi_slli_3               
00004914  __mspabi_slli_2               
00004916  __mspabi_slli_1               
0000491a  __mspabi_negd                 
00004944  main                          
0000496a  _c_int00_noargs               
00004986  keyboard_init                 
000049a2  __TI_zero_init_nomemset       
000049b6  __mspabi_mpyi_hw              
000049ca  __TI_decompress_none          
000049dc  __mspabi_srll                 
000049ee  memcpy                        
00004a00  __mspabi_sral                 
00004a10  __mspabi_slll                 
00004a20  __mspabi_func_epilog_7        
00004a22  __mspabi_func_epilog_6        
00004a24  __mspabi_func_epilog_5        
00004a26  __mspabi_func_epilog_4        
00004a28  __mspabi_func_epilog_3        
00004a2a  __mspabi_func_epilog_2        
00004a2c  __mspabi_func_epilog_1        
00004a30  Send_Byte                     
00004a3e  __TI_ISR_TRAP                 
00004a46  __mspabi_fltud                
00004a4c  C$$EXIT                       
00004a4c  abort                         
00004a52  _system_pre_init              
00004a56  _system_post_cinit            
00004a92  __TI_Handler_Table_Base       
00004a98  __TI_Handler_Table_Limit      
00004a9c  __TI_CINIT_Base               
00004aa4  __TI_CINIT_Limit              
0000ffe0  __TI_int00                    
0000ffe2  __TI_int01                    
0000ffe4  __TI_int02                    
0000ffe6  __TI_int03                    
0000ffe8  __TI_int04                    
0000ffea  __TI_int05                    
0000ffec  __TI_int06                    
0000ffee  __TI_int07                    
0000fff0  __TI_int08                    
0000fff2  __TI_int09                    
0000fff4  __TI_int10                    
0000fff6  __TI_int11                    
0000fff8  __TI_int12                    
0000fffa  __TI_int13                    
0000fffc  __TI_int14                    
0000fffe  _reset_vector                 
ffffffff  __TI_pprof_out_hndl           
ffffffff  __TI_prof_data_size           
ffffffff  __TI_prof_data_start          
ffffffff  __c_args__                    

[356 symbols]
